Dynamic Prime Algorithm Profiler
=================================
Main executable: /home/espadon/src/PrimeProfiler/build/opt3/main
ENV: naive_prime at 0x4014b8 - 0x401500 (size: 0x48)
ENV: naive_prime_squares at 0x401500 - 0x40154b (size: 0x4b)
ENV: less_naive_prime at 0x40154b - 0x4015fc (size: 0xb1)
Address ranges configured with exact sizes!
Dynamic address configuration completed!
ENTER: naive_prime (call #1)
EXIT: naive_prime (cycles this call: 2390904)
ENTER: naive_prime (call #2)
EXIT: naive_prime (cycles this call: 3456400)
ENTER: naive_prime (call #3)
EXIT: naive_prime (cycles this call: 47168)
ENTER: naive_prime (call #4)
EXIT: naive_prime (cycles this call: 141380)
ENTER: naive_prime (call #5)
EXIT: naive_prime (cycles this call: 164376)
ENTER: naive_prime (call #6)
EXIT: naive_prime (cycles this call: 202334)
ENTER: naive_prime (call #7)
EXIT: naive_prime (cycles this call: 857794)
ENTER: naive_prime (call #8)
EXIT: naive_prime (cycles this call: 84800)
ENTER: naive_prime (call #9)
EXIT: naive_prime (cycles this call: 11776)
ENTER: less_naive_prime (call #1)
EXIT: less_naive_prime (cycles this call: 2681144)
ENTER: less_naive_prime (call #2)
EXIT: less_naive_prime (cycles this call: 81742)
ENTER: less_naive_prime (call #3)
EXIT: less_naive_prime (cycles this call: 5246592)
ENTER: less_naive_prime (call #4)
EXIT: less_naive_prime (cycles this call: 5088682)
ENTER: less_naive_prime (call #5)
EXIT: less_naive_prime (cycles this call: 23822)
ENTER: less_naive_prime (call #6)
EXIT: less_naive_prime (cycles this call: 21804)
ENTER: less_naive_prime (call #7)
EXIT: less_naive_prime (cycles this call: 16176)
ENTER: less_naive_prime (call #8)
EXIT: less_naive_prime (cycles this call: 15260)
ENTER: less_naive_prime (call #9)
EXIT: less_naive_prime (cycles this call: 565134)
ENTER: naive_prime_squares (call #1)
EXIT: naive_prime_squares (cycles this call: 2039266)
ENTER: naive_prime_squares (call #2)
EXIT: naive_prime_squares (cycles this call: 79938)
ENTER: naive_prime_squares (call #3)
EXIT: naive_prime_squares (cycles this call: 3387450)
ENTER: naive_prime_squares (call #4)
EXIT: naive_prime_squares (cycles this call: 41628)
ENTER: naive_prime_squares (call #5)
EXIT: naive_prime_squares (cycles this call: 34960)
ENTER: naive_prime_squares (call #6)
EXIT: naive_prime_squares (cycles this call: 41922)
ENTER: naive_prime_squares (call #7)
EXIT: naive_prime_squares (cycles this call: 900766)
ENTER: naive_prime_squares (call #8)
EXIT: naive_prime_squares (cycles this call: 23146)
ENTER: naive_prime_squares (call #9)
EXIT: naive_prime_squares (cycles this call: 16992)
ENTER: naive_prime (call #10)
EXIT: naive_prime (cycles this call: 668724)
ENTER: naive_prime (call #11)
EXIT: naive_prime (cycles this call: 675262)
ENTER: naive_prime (call #12)
EXIT: naive_prime (cycles this call: 1282588)
ENTER: naive_prime (call #13)
EXIT: naive_prime (cycles this call: 2510274)
ENTER: naive_prime (call #14)
EXIT: naive_prime (cycles this call: 3242996)
ENTER: naive_prime (call #15)
EXIT: naive_prime (cycles this call: 4401000)
ENTER: naive_prime (call #16)
EXIT: naive_prime (cycles this call: 14886)
ENTER: naive_prime (call #17)
EXIT: naive_prime (cycles this call: 24618)
ENTER: naive_prime (call #18)
EXIT: naive_prime (cycles this call: 14082)
ENTER: less_naive_prime (call #10)
EXIT: less_naive_prime (cycles this call: 86008)
ENTER: less_naive_prime (call #11)
EXIT: less_naive_prime (cycles this call: 29754)
ENTER: less_naive_prime (call #12)
EXIT: less_naive_prime (cycles this call: 36080)
ENTER: less_naive_prime (call #13)
EXIT: less_naive_prime (cycles this call: 40244)
ENTER: less_naive_prime (call #14)
EXIT: less_naive_prime (cycles this call: 48832)
ENTER: less_naive_prime (call #15)
EXIT: less_naive_prime (cycles this call: 80928)
ENTER: less_naive_prime (call #16)
EXIT: less_naive_prime (cycles this call: 11930)
ENTER: less_naive_prime (call #17)
EXIT: less_naive_prime (cycles this call: 17532)
ENTER: less_naive_prime (call #18)
EXIT: less_naive_prime (cycles this call: 11354)
ENTER: naive_prime_squares (call #10)
EXIT: naive_prime_squares (cycles this call: 63210)
ENTER: naive_prime_squares (call #11)
EXIT: naive_prime_squares (cycles this call: 56470)
ENTER: naive_prime_squares (call #12)
EXIT: naive_prime_squares (cycles this call: 74344)
ENTER: naive_prime_squares (call #13)
EXIT: naive_prime_squares (cycles this call: 100586)
ENTER: naive_prime_squares (call #14)
EXIT: naive_prime_squares (cycles this call: 110628)
ENTER: naive_prime_squares (call #15)
EXIT: naive_prime_squares (cycles this call: 145122)
ENTER: naive_prime_squares (call #16)
EXIT: naive_prime_squares (cycles this call: 12436)
ENTER: naive_prime_squares (call #17)
EXIT: naive_prime_squares (cycles this call: 34946)
ENTER: naive_prime_squares (call #18)
EXIT: naive_prime_squares (cycles this call: 14464)
ENTER: naive_prime (call #19)
EXIT: naive_prime (cycles this call: 6727214)
ENTER: naive_prime (call #20)
EXIT: naive_prime (cycles this call: 14264194)
ENTER: naive_prime (call #21)
EXIT: naive_prime (cycles this call: 1798780652)
ENTER: naive_prime (call #22)
EXIT: naive_prime (cycles this call: 21788652)
ENTER: naive_prime (call #23)
EXIT: naive_prime (cycles this call: 27289538)
ENTER: naive_prime (call #24)
EXIT: naive_prime (cycles this call: 31262436)
ENTER: naive_prime (call #25)
EXIT: naive_prime (cycles this call: 13914)
ENTER: naive_prime (call #26)
EXIT: naive_prime (cycles this call: 12948)
ENTER: naive_prime (call #27)
EXIT: naive_prime (cycles this call: 10574)
ENTER: less_naive_prime (call #19)
EXIT: less_naive_prime (cycles this call: 102592)
ENTER: less_naive_prime (call #20)
EXIT: less_naive_prime (cycles this call: 51374)
ENTER: less_naive_prime (call #21)
EXIT: less_naive_prime (cycles this call: 495394)
ENTER: less_naive_prime (call #22)
EXIT: less_naive_prime (cycles this call: 67398)
ENTER: less_naive_prime (call #23)
EXIT: less_naive_prime (cycles this call: 74134)
ENTER: less_naive_prime (call #24)
EXIT: less_naive_prime (cycles this call: 81094)
ENTER: less_naive_prime (call #25)
EXIT: less_naive_prime (cycles this call: 11810)
ENTER: less_naive_prime (call #26)
EXIT: less_naive_prime (cycles this call: 13868)
ENTER: less_naive_prime (call #27)
EXIT: less_naive_prime (cycles this call: 11024)
ENTER: naive_prime_squares (call #19)
EXIT: naive_prime_squares (cycles this call: 185584)
ENTER: naive_prime_squares (call #20)
EXIT: naive_prime_squares (cycles this call: 219072)
ENTER: naive_prime_squares (call #21)
EXIT: naive_prime_squares (cycles this call: 2565662)
ENTER: naive_prime_squares (call #22)
EXIT: naive_prime_squares (cycles this call: 308480)
ENTER: naive_prime_squares (call #23)
EXIT: naive_prime_squares (cycles this call: 343098)
ENTER: naive_prime_squares (call #24)
EXIT: naive_prime_squares (cycles this call: 382190)
ENTER: naive_prime_squares (call #25)
EXIT: naive_prime_squares (cycles this call: 14882)
ENTER: naive_prime_squares (call #26)
EXIT: naive_prime_squares (cycles this call: 18444)
ENTER: naive_prime_squares (call #27)
EXIT: naive_prime_squares (cycles this call: 14650)

========== COMPREHENSIVE PROFILING RESULTS ==========
Function            Calls     Instructions   Mem Reads   Mem Writes  Branches  Total Cycles   Avg Cyc/Call   
-------------------------------------------------------------------------------------------------------------------
less_naive_prime    27        8202           2668        421         1227      15011706       555989         
naive_prime         27        15996294       7998093     1599669     3199275   1920341484     71123758       
naive_prime_squares 27        23695          10723       2195        4327      11230336       415938         

========== CSV DATA ==========
function,calls,instructions,mem_reads,mem_writes,branches,total_cycles,avg_cycles_per_call
less_naive_prime,27,8202,2668,421,1227,15011706,555989
naive_prime,27,15996294,7998093,1599669,3199275,1920341484,71123758
naive_prime_squares,27,23695,10723,2195,4327,11230336,415938
