Dynamic Prime Algorithm Profiler
=================================
Main executable: /home/espadon/src/PrimeProfiler/build/optfast/main
ENV: naive_prime at 0x4014d8 - 0x401520 (size: 0x48)
ENV: naive_prime_squares at 0x401520 - 0x40156b (size: 0x4b)
ENV: less_naive_prime at 0x40156b - 0x40161c (size: 0xb1)
Address ranges configured with exact sizes!
Dynamic address configuration completed!
ENTER: naive_prime (call #1)
EXIT: naive_prime (cycles this call: 1403070)
ENTER: naive_prime (call #2)
EXIT: naive_prime (cycles this call: 2280920)
ENTER: naive_prime (call #3)
EXIT: naive_prime (cycles this call: 23606)
ENTER: naive_prime (call #4)
EXIT: naive_prime (cycles this call: 100674)
ENTER: naive_prime (call #5)
EXIT: naive_prime (cycles this call: 117648)
ENTER: naive_prime (call #6)
EXIT: naive_prime (cycles this call: 153614)
ENTER: naive_prime (call #7)
EXIT: naive_prime (cycles this call: 449210)
ENTER: naive_prime (call #8)
EXIT: naive_prime (cycles this call: 58504)
ENTER: naive_prime (call #9)
EXIT: naive_prime (cycles this call: 9660)
ENTER: less_naive_prime (call #1)
EXIT: less_naive_prime (cycles this call: 1583394)
ENTER: less_naive_prime (call #2)
EXIT: less_naive_prime (cycles this call: 27234)
ENTER: less_naive_prime (call #3)
EXIT: less_naive_prime (cycles this call: 2995534)
ENTER: less_naive_prime (call #4)
EXIT: less_naive_prime (cycles this call: 2734340)
ENTER: less_naive_prime (call #5)
EXIT: less_naive_prime (cycles this call: 18458)
ENTER: less_naive_prime (call #6)
EXIT: less_naive_prime (cycles this call: 17114)
ENTER: less_naive_prime (call #7)
EXIT: less_naive_prime (cycles this call: 14072)
ENTER: less_naive_prime (call #8)
EXIT: less_naive_prime (cycles this call: 11608)
ENTER: less_naive_prime (call #9)
EXIT: less_naive_prime (cycles this call: 278952)
ENTER: naive_prime_squares (call #1)
EXIT: naive_prime_squares (cycles this call: 1371846)
ENTER: naive_prime_squares (call #2)
EXIT: naive_prime_squares (cycles this call: 25872)
ENTER: naive_prime_squares (call #3)
EXIT: naive_prime_squares (cycles this call: 1918576)
ENTER: naive_prime_squares (call #4)
EXIT: naive_prime_squares (cycles this call: 24542)
ENTER: naive_prime_squares (call #5)
EXIT: naive_prime_squares (cycles this call: 28688)
ENTER: naive_prime_squares (call #6)
EXIT: naive_prime_squares (cycles this call: 33706)
ENTER: naive_prime_squares (call #7)
EXIT: naive_prime_squares (cycles this call: 451896)
ENTER: naive_prime_squares (call #8)
EXIT: naive_prime_squares (cycles this call: 16172)
ENTER: naive_prime_squares (call #9)
EXIT: naive_prime_squares (cycles this call: 11974)
ENTER: naive_prime (call #10)
EXIT: naive_prime (cycles this call: 318574)
ENTER: naive_prime (call #11)
EXIT: naive_prime (cycles this call: 541832)
ENTER: naive_prime (call #12)
EXIT: naive_prime (cycles this call: 1239090)
ENTER: naive_prime (call #13)
EXIT: naive_prime (cycles this call: 2278442)
ENTER: naive_prime (call #14)
EXIT: naive_prime (cycles this call: 2538996)
ENTER: naive_prime (call #15)
EXIT: naive_prime (cycles this call: 3941572)
ENTER: naive_prime (call #16)
EXIT: naive_prime (cycles this call: 13852)
ENTER: naive_prime (call #17)
EXIT: naive_prime (cycles this call: 18902)
ENTER: naive_prime (call #18)
EXIT: naive_prime (cycles this call: 11018)
ENTER: less_naive_prime (call #10)
EXIT: less_naive_prime (cycles this call: 43186)
ENTER: less_naive_prime (call #11)
EXIT: less_naive_prime (cycles this call: 35024)
ENTER: less_naive_prime (call #12)
EXIT: less_naive_prime (cycles this call: 26132)
ENTER: less_naive_prime (call #13)
EXIT: less_naive_prime (cycles this call: 28800)
ENTER: less_naive_prime (call #14)
EXIT: less_naive_prime (cycles this call: 36744)
ENTER: less_naive_prime (call #15)
EXIT: less_naive_prime (cycles this call: 37696)
ENTER: less_naive_prime (call #16)
EXIT: less_naive_prime (cycles this call: 10096)
ENTER: less_naive_prime (call #17)
EXIT: less_naive_prime (cycles this call: 16712)
ENTER: less_naive_prime (call #18)
EXIT: less_naive_prime (cycles this call: 14070)
ENTER: naive_prime_squares (call #10)
EXIT: naive_prime_squares (cycles this call: 63666)
ENTER: naive_prime_squares (call #11)
EXIT: naive_prime_squares (cycles this call: 54612)
ENTER: naive_prime_squares (call #12)
EXIT: naive_prime_squares (cycles this call: 73376)
ENTER: naive_prime_squares (call #13)
EXIT: naive_prime_squares (cycles this call: 104162)
ENTER: naive_prime_squares (call #14)
EXIT: naive_prime_squares (cycles this call: 108984)
ENTER: naive_prime_squares (call #15)
EXIT: naive_prime_squares (cycles this call: 137342)
ENTER: naive_prime_squares (call #16)
EXIT: naive_prime_squares (cycles this call: 13346)
ENTER: naive_prime_squares (call #17)
EXIT: naive_prime_squares (cycles this call: 57724)
ENTER: naive_prime_squares (call #18)
EXIT: naive_prime_squares (cycles this call: 14650)
ENTER: naive_prime (call #19)
EXIT: naive_prime (cycles this call: 6119648)
ENTER: naive_prime (call #20)
EXIT: naive_prime (cycles this call: 10688256)
ENTER: naive_prime (call #21)
EXIT: naive_prime (cycles this call: 1578076896)
ENTER: naive_prime (call #22)
EXIT: naive_prime (cycles this call: 21781084)
ENTER: naive_prime (call #23)
EXIT: naive_prime (cycles this call: 28942780)
ENTER: naive_prime (call #24)
EXIT: naive_prime (cycles this call: 36354336)
ENTER: naive_prime (call #25)
EXIT: naive_prime (cycles this call: 15104)
ENTER: naive_prime (call #26)
EXIT: naive_prime (cycles this call: 13232)
ENTER: naive_prime (call #27)
EXIT: naive_prime (cycles this call: 11026)
ENTER: less_naive_prime (call #19)
EXIT: less_naive_prime (cycles this call: 166410)
ENTER: less_naive_prime (call #20)
EXIT: less_naive_prime (cycles this call: 74360)
ENTER: less_naive_prime (call #21)
EXIT: less_naive_prime (cycles this call: 771896)
ENTER: less_naive_prime (call #22)
EXIT: less_naive_prime (cycles this call: 121914)
ENTER: less_naive_prime (call #23)
EXIT: less_naive_prime (cycles this call: 118838)
ENTER: less_naive_prime (call #24)
EXIT: less_naive_prime (cycles this call: 99160)
ENTER: less_naive_prime (call #25)
EXIT: less_naive_prime (cycles this call: 14066)
ENTER: less_naive_prime (call #26)
EXIT: less_naive_prime (cycles this call: 17618)
ENTER: less_naive_prime (call #27)
EXIT: less_naive_prime (cycles this call: 13194)
ENTER: naive_prime_squares (call #19)
EXIT: naive_prime_squares (cycles this call: 186432)
ENTER: naive_prime_squares (call #20)
EXIT: naive_prime_squares (cycles this call: 263248)
ENTER: naive_prime_squares (call #21)
EXIT: naive_prime_squares (cycles this call: 3020110)
ENTER: naive_prime_squares (call #22)
EXIT: naive_prime_squares (cycles this call: 364646)
ENTER: naive_prime_squares (call #23)
EXIT: naive_prime_squares (cycles this call: 402690)
ENTER: naive_prime_squares (call #24)
EXIT: naive_prime_squares (cycles this call: 389830)
ENTER: naive_prime_squares (call #25)
EXIT: naive_prime_squares (cycles this call: 14416)
ENTER: naive_prime_squares (call #26)
EXIT: naive_prime_squares (cycles this call: 19958)
ENTER: naive_prime_squares (call #27)
EXIT: naive_prime_squares (cycles this call: 13886)

========== COMPREHENSIVE PROFILING RESULTS ==========
Function            Calls     Instructions   Mem Reads   Mem Writes  Branches  Total Cycles   Avg Cyc/Call   
-------------------------------------------------------------------------------------------------------------------
less_naive_prime    27        8202           2668        421         1227      9326622        345430         
naive_prime         27        15996294       7998093     1599669     3199275   1697501546     62870427       
naive_prime_squares 27        23695          10723       2195        4327      9186350        340235         

========== CSV DATA ==========
function,calls,instructions,mem_reads,mem_writes,branches,total_cycles,avg_cycles_per_call
less_naive_prime,27,8202,2668,421,1227,9326622,345430
naive_prime,27,15996294,7998093,1599669,3199275,1697501546,62870427
naive_prime_squares,27,23695,10723,2195,4327,9186350,340235
