Dynamic Prime Algorithm Profiler
=================================
Main executable: /home/espadon/src/PrimeProfiler/build/opt0/main
ENV: naive_prime at 0x4014b8 - 0x401500 (size: 0x48)
ENV: naive_prime_squares at 0x401500 - 0x40154b (size: 0x4b)
ENV: less_naive_prime at 0x40154b - 0x4015fc (size: 0xb1)
Address ranges configured with exact sizes!
Dynamic address configuration completed!
ENTER: naive_prime (call #1)
EXIT: naive_prime (cycles this call: 1286988)
ENTER: naive_prime (call #2)
EXIT: naive_prime (cycles this call: 2022876)
ENTER: naive_prime (call #3)
EXIT: naive_prime (cycles this call: 21534)
ENTER: naive_prime (call #4)
EXIT: naive_prime (cycles this call: 65254)
ENTER: naive_prime (call #5)
EXIT: naive_prime (cycles this call: 105460)
ENTER: naive_prime (call #6)
EXIT: naive_prime (cycles this call: 152436)
ENTER: naive_prime (call #7)
EXIT: naive_prime (cycles this call: 428910)
ENTER: naive_prime (call #8)
EXIT: naive_prime (cycles this call: 26144)
ENTER: naive_prime (call #9)
EXIT: naive_prime (cycles this call: 9498)
ENTER: less_naive_prime (call #1)
EXIT: less_naive_prime (cycles this call: 1499636)
ENTER: less_naive_prime (call #2)
EXIT: less_naive_prime (cycles this call: 32850)
ENTER: less_naive_prime (call #3)
EXIT: less_naive_prime (cycles this call: 2901944)
ENTER: less_naive_prime (call #4)
EXIT: less_naive_prime (cycles this call: 3499632)
ENTER: less_naive_prime (call #5)
EXIT: less_naive_prime (cycles this call: 19560)
ENTER: less_naive_prime (call #6)
EXIT: less_naive_prime (cycles this call: 17382)
ENTER: less_naive_prime (call #7)
EXIT: less_naive_prime (cycles this call: 14358)
ENTER: less_naive_prime (call #8)
EXIT: less_naive_prime (cycles this call: 11830)
ENTER: less_naive_prime (call #9)
EXIT: less_naive_prime (cycles this call: 306302)
ENTER: naive_prime_squares (call #1)
EXIT: naive_prime_squares (cycles this call: 1223058)
ENTER: naive_prime_squares (call #2)
EXIT: naive_prime_squares (cycles this call: 47732)
ENTER: naive_prime_squares (call #3)
EXIT: naive_prime_squares (cycles this call: 1985532)
ENTER: naive_prime_squares (call #4)
EXIT: naive_prime_squares (cycles this call: 23934)
ENTER: naive_prime_squares (call #5)
EXIT: naive_prime_squares (cycles this call: 29140)
ENTER: naive_prime_squares (call #6)
EXIT: naive_prime_squares (cycles this call: 34942)
ENTER: naive_prime_squares (call #7)
EXIT: naive_prime_squares (cycles this call: 407032)
ENTER: naive_prime_squares (call #8)
EXIT: naive_prime_squares (cycles this call: 15038)
ENTER: naive_prime_squares (call #9)
EXIT: naive_prime_squares (cycles this call: 12044)
ENTER: naive_prime (call #10)
EXIT: naive_prime (cycles this call: 647196)
ENTER: naive_prime (call #11)
EXIT: naive_prime (cycles this call: 506696)
ENTER: naive_prime (call #12)
EXIT: naive_prime (cycles this call: 1028722)
ENTER: naive_prime (call #13)
EXIT: naive_prime (cycles this call: 2058264)
ENTER: naive_prime (call #14)
EXIT: naive_prime (cycles this call: 2796094)
ENTER: naive_prime (call #15)
EXIT: naive_prime (cycles this call: 3033036)
ENTER: naive_prime (call #16)
EXIT: naive_prime (cycles this call: 10850)
ENTER: naive_prime (call #17)
EXIT: naive_prime (cycles this call: 19044)
ENTER: naive_prime (call #18)
EXIT: naive_prime (cycles this call: 10664)
ENTER: less_naive_prime (call #10)
EXIT: less_naive_prime (cycles this call: 44690)
ENTER: less_naive_prime (call #11)
EXIT: less_naive_prime (cycles this call: 19800)
ENTER: less_naive_prime (call #12)
EXIT: less_naive_prime (cycles this call: 24330)
ENTER: less_naive_prime (call #13)
EXIT: less_naive_prime (cycles this call: 29034)
ENTER: less_naive_prime (call #14)
EXIT: less_naive_prime (cycles this call: 31384)
ENTER: less_naive_prime (call #15)
EXIT: less_naive_prime (cycles this call: 33710)
ENTER: less_naive_prime (call #16)
EXIT: less_naive_prime (cycles this call: 10408)
ENTER: less_naive_prime (call #17)
EXIT: less_naive_prime (cycles this call: 16714)
ENTER: less_naive_prime (call #18)
EXIT: less_naive_prime (cycles this call: 11290)
ENTER: naive_prime_squares (call #10)
EXIT: naive_prime_squares (cycles this call: 52180)
ENTER: naive_prime_squares (call #11)
EXIT: naive_prime_squares (cycles this call: 57064)
ENTER: naive_prime_squares (call #12)
EXIT: naive_prime_squares (cycles this call: 72782)
ENTER: naive_prime_squares (call #13)
EXIT: naive_prime_squares (cycles this call: 104500)
ENTER: naive_prime_squares (call #14)
EXIT: naive_prime_squares (cycles this call: 108482)
ENTER: naive_prime_squares (call #15)
EXIT: naive_prime_squares (cycles this call: 151110)
ENTER: naive_prime_squares (call #16)
EXIT: naive_prime_squares (cycles this call: 17562)
ENTER: naive_prime_squares (call #17)
EXIT: naive_prime_squares (cycles this call: 31450)
ENTER: naive_prime_squares (call #18)
EXIT: naive_prime_squares (cycles this call: 18314)
ENTER: naive_prime (call #19)
EXIT: naive_prime (cycles this call: 5155146)
ENTER: naive_prime (call #20)
EXIT: naive_prime (cycles this call: 10653056)
ENTER: naive_prime (call #21)
EXIT: naive_prime (cycles this call: 1559539514)
ENTER: naive_prime (call #22)
EXIT: naive_prime (cycles this call: 20422082)
ENTER: naive_prime (call #23)
EXIT: naive_prime (cycles this call: 25928676)
ENTER: naive_prime (call #24)
EXIT: naive_prime (cycles this call: 30974466)
ENTER: naive_prime (call #25)
EXIT: naive_prime (cycles this call: 12936)
ENTER: naive_prime (call #26)
EXIT: naive_prime (cycles this call: 12874)
ENTER: naive_prime (call #27)
EXIT: naive_prime (cycles this call: 10480)
ENTER: less_naive_prime (call #19)
EXIT: less_naive_prime (cycles this call: 83802)
ENTER: less_naive_prime (call #20)
EXIT: less_naive_prime (cycles this call: 82934)
ENTER: less_naive_prime (call #21)
EXIT: less_naive_prime (cycles this call: 499334)
ENTER: less_naive_prime (call #22)
EXIT: less_naive_prime (cycles this call: 67848)
ENTER: less_naive_prime (call #23)
EXIT: less_naive_prime (cycles this call: 73626)
ENTER: less_naive_prime (call #24)
EXIT: less_naive_prime (cycles this call: 81060)
ENTER: less_naive_prime (call #25)
EXIT: less_naive_prime (cycles this call: 11636)
ENTER: less_naive_prime (call #26)
EXIT: less_naive_prime (cycles this call: 14518)
ENTER: less_naive_prime (call #27)
EXIT: less_naive_prime (cycles this call: 11062)
ENTER: naive_prime_squares (call #19)
EXIT: naive_prime_squares (cycles this call: 179750)
ENTER: naive_prime_squares (call #20)
EXIT: naive_prime_squares (cycles this call: 253420)
ENTER: naive_prime_squares (call #21)
EXIT: naive_prime_squares (cycles this call: 2518880)
ENTER: naive_prime_squares (call #22)
EXIT: naive_prime_squares (cycles this call: 327238)
ENTER: naive_prime_squares (call #23)
EXIT: naive_prime_squares (cycles this call: 349192)
ENTER: naive_prime_squares (call #24)
EXIT: naive_prime_squares (cycles this call: 386118)
ENTER: naive_prime_squares (call #25)
EXIT: naive_prime_squares (cycles this call: 14948)
ENTER: naive_prime_squares (call #26)
EXIT: naive_prime_squares (cycles this call: 18660)
ENTER: naive_prime_squares (call #27)
EXIT: naive_prime_squares (cycles this call: 14548)

========== COMPREHENSIVE PROFILING RESULTS ==========
Function            Calls     Instructions   Mem Reads   Mem Writes  Branches  Total Cycles   Avg Cyc/Call   
-------------------------------------------------------------------------------------------------------------------
less_naive_prime    27        8202           2668        421         1227      9450674        350024         
naive_prime         27        15996294       7998093     1599669     3199275   1666938896     61738477       
naive_prime_squares 27        23695          10723       2195        4327      8454650        313135         

========== CSV DATA ==========
function,calls,instructions,mem_reads,mem_writes,branches,total_cycles,avg_cycles_per_call
less_naive_prime,27,8202,2668,421,1227,9450674,350024
naive_prime,27,15996294,7998093,1599669,3199275,1666938896,61738477
naive_prime_squares,27,23695,10723,2195,4327,8454650,313135
