Dynamic Prime Algorithm Profiler (Fortran)
=================================
Main executable: [Fortran binary]
ENV: naive_prime_ at 0x4011e0 - 0x40131d (size: 0x13e)
ENV: naive_prime_squares_ at 0x401320 - 0x40147d (size: 0x15e)
ENV: less_naive_prime_ at 0x401480 - 0x401532 (size: 0xb3)
Address ranges configured with exact sizes!
Dynamic address configuration completed!
ENTER: naive_prime (call #1)
EXIT: naive_prime (cycles this call: 704640)
ENTER: naive_prime (call #2)
EXIT: naive_prime (cycles this call: 4029118)
ENTER: naive_prime (call #3)
EXIT: naive_prime (cycles this call: 4080546)
ENTER: naive_prime (call #4)
EXIT: naive_prime (cycles this call: 3699604)
ENTER: naive_prime (call #5)
EXIT: naive_prime (cycles this call: 10237332)
ENTER: naive_prime (call #6)
EXIT: naive_prime (cycles this call: 232658)
ENTER: naive_prime (call #7)
EXIT: naive_prime (cycles this call: 38662)
ENTER: naive_prime (call #8)
EXIT: naive_prime (cycles this call: 143040)
ENTER: naive_prime (call #9)
EXIT: naive_prime (cycles this call: 500184)
ENTER: naive_prime (call #10)
EXIT: naive_prime (cycles this call: 26002)
ENTER: naive_prime (call #11)
EXIT: naive_prime (cycles this call: 390524)
ENTER: naive_prime (call #12)
EXIT: naive_prime (cycles this call: 3424532)
ENTER: naive_prime (call #13)
EXIT: naive_prime (cycles this call: 8910776)
ENTER: naive_prime (call #14)
EXIT: naive_prime (cycles this call: 9122048)
ENTER: naive_prime (call #15)
EXIT: naive_prime (cycles this call: 25431806)
ENTER: naive_prime (call #16)
EXIT: naive_prime (cycles this call: 4923620)
ENTER: naive_prime (call #17)
EXIT: naive_prime (cycles this call: 55734)
ENTER: naive_prime (call #18)
EXIT: naive_prime (cycles this call: 30702)
ENTER: naive_prime (call #19)
EXIT: naive_prime (cycles this call: 79034)
ENTER: naive_prime (call #20)
EXIT: naive_prime (cycles this call: 128650194)
ENTER: naive_prime (call #21)
EXIT: naive_prime (cycles this call: 17974510)
ENTER: naive_prime (call #22)
EXIT: naive_prime (cycles this call: 36895128)
ENTER: naive_prime (call #23)
EXIT: naive_prime (cycles this call: 60947906)
ENTER: naive_prime (call #24)
EXIT: naive_prime (cycles this call: 41838)
ENTER: naive_prime (call #25)
EXIT: naive_prime (cycles this call: 29030)
ENTER: naive_prime (call #26)
EXIT: naive_prime (cycles this call: 14280)
ENTER: naive_prime (call #27)
EXIT: naive_prime (cycles this call: 13216)
ENTER: naive_prime_squares (call #1)
EXIT: naive_prime_squares (cycles this call: 794922)
ENTER: naive_prime_squares (call #2)
EXIT: naive_prime_squares (cycles this call: 122248)
ENTER: naive_prime_squares (call #3)
EXIT: naive_prime_squares (cycles this call: 6288024)
ENTER: naive_prime_squares (call #4)
EXIT: naive_prime_squares (cycles this call: 3646442)
ENTER: naive_prime_squares (call #5)
EXIT: naive_prime_squares (cycles this call: 5149606)
ENTER: naive_prime_squares (call #6)
EXIT: naive_prime_squares (cycles this call: 4905240)
ENTER: naive_prime_squares (call #7)
EXIT: naive_prime_squares (cycles this call: 31272)
ENTER: naive_prime_squares (call #8)
EXIT: naive_prime_squares (cycles this call: 47926)
ENTER: naive_prime_squares (call #9)
EXIT: naive_prime_squares (cycles this call: 504396)
ENTER: naive_prime_squares (call #10)
EXIT: naive_prime_squares (cycles this call: 28040)
ENTER: naive_prime_squares (call #11)
EXIT: naive_prime_squares (cycles this call: 18600)
ENTER: naive_prime_squares (call #12)
EXIT: naive_prime_squares (cycles this call: 2040816)
ENTER: naive_prime_squares (call #13)
EXIT: naive_prime_squares (cycles this call: 2118744)
ENTER: naive_prime_squares (call #14)
EXIT: naive_prime_squares (cycles this call: 7049222)
ENTER: naive_prime_squares (call #15)
EXIT: naive_prime_squares (cycles this call: 327572)
ENTER: naive_prime_squares (call #16)
EXIT: naive_prime_squares (cycles this call: 175448)
ENTER: naive_prime_squares (call #17)
EXIT: naive_prime_squares (cycles this call: 80208)
ENTER: naive_prime_squares (call #18)
EXIT: naive_prime_squares (cycles this call: 52176)
ENTER: naive_prime_squares (call #19)
EXIT: naive_prime_squares (cycles this call: 1174720)
ENTER: naive_prime_squares (call #20)
EXIT: naive_prime_squares (cycles this call: 2822902)
ENTER: naive_prime_squares (call #21)
EXIT: naive_prime_squares (cycles this call: 303756)
ENTER: naive_prime_squares (call #22)
EXIT: naive_prime_squares (cycles this call: 430364)
ENTER: naive_prime_squares (call #23)
EXIT: naive_prime_squares (cycles this call: 589952)
ENTER: naive_prime_squares (call #24)
EXIT: naive_prime_squares (cycles this call: 36260)
ENTER: naive_prime_squares (call #25)
EXIT: naive_prime_squares (cycles this call: 23848)
ENTER: naive_prime_squares (call #26)
EXIT: naive_prime_squares (cycles this call: 17614)
ENTER: naive_prime_squares (call #27)
EXIT: naive_prime_squares (cycles this call: 17392)
ENTER: less_naive_prime (call #1)
EXIT: less_naive_prime (cycles this call: 417146)
ENTER: less_naive_prime (call #2)
EXIT: less_naive_prime (cycles this call: 37146)
ENTER: less_naive_prime (call #3)
EXIT: less_naive_prime (cycles this call: 2240462)
ENTER: less_naive_prime (call #4)
EXIT: less_naive_prime (cycles this call: 1718184)
ENTER: less_naive_prime (call #5)
EXIT: less_naive_prime (cycles this call: 22156)
ENTER: less_naive_prime (call #6)
EXIT: less_naive_prime (cycles this call: 1691936)
ENTER: less_naive_prime (call #7)
EXIT: less_naive_prime (cycles this call: 28056)
ENTER: less_naive_prime (call #8)
EXIT: less_naive_prime (cycles this call: 21466)
ENTER: less_naive_prime (call #9)
EXIT: less_naive_prime (cycles this call: 14144)
ENTER: less_naive_prime (call #10)
EXIT: less_naive_prime (cycles this call: 18616)
ENTER: less_naive_prime (call #11)
EXIT: less_naive_prime (cycles this call: 13526)
ENTER: less_naive_prime (call #12)
EXIT: less_naive_prime (cycles this call: 76272)
ENTER: less_naive_prime (call #13)
EXIT: less_naive_prime (cycles this call: 71580)
ENTER: less_naive_prime (call #14)
EXIT: less_naive_prime (cycles this call: 79548)
ENTER: less_naive_prime (call #15)
EXIT: less_naive_prime (cycles this call: 112206)
ENTER: less_naive_prime (call #16)
EXIT: less_naive_prime (cycles this call: 57526)
ENTER: less_naive_prime (call #17)
EXIT: less_naive_prime (cycles this call: 484268)
ENTER: less_naive_prime (call #18)
EXIT: less_naive_prime (cycles this call: 24740)
ENTER: less_naive_prime (call #19)
EXIT: less_naive_prime (cycles this call: 48200)
ENTER: less_naive_prime (call #20)
EXIT: less_naive_prime (cycles this call: 252984)
ENTER: less_naive_prime (call #21)
EXIT: less_naive_prime (cycles this call: 103136)
ENTER: less_naive_prime (call #22)
EXIT: less_naive_prime (cycles this call: 134688)
ENTER: less_naive_prime (call #23)
EXIT: less_naive_prime (cycles this call: 166426)
ENTER: less_naive_prime (call #24)
EXIT: less_naive_prime (cycles this call: 19206)
ENTER: less_naive_prime (call #25)
EXIT: less_naive_prime (cycles this call: 28888)
ENTER: less_naive_prime (call #26)
EXIT: less_naive_prime (cycles this call: 13114)
ENTER: less_naive_prime (call #27)
EXIT: less_naive_prime (cycles this call: 13260)

========== COMPREHENSIVE PROFILING RESULTS ==========
Language: Fortran
Function            Calls     Instructions   Mem Reads   Mem Writes  Branches  Total Cycles   Avg Cyc/Call   
-------------------------------------------------------------------------------------------------------------------
less_naive_prime    27        3474           54          0           731       7908880        292921         
naive_prime         27        1237423        54          0           222810    320626664      11875061       
naive_prime_squares 27        8212           54          0           1559      38797710       1436952        

========== CSV DATA ==========
function,calls,instructions,mem_reads,mem_writes,branches,total_cycles,avg_cycles_per_call
less_naive_prime,27,3474,54,0,731,7908880,292921
naive_prime,27,1237423,54,0,222810,320626664,11875061
naive_prime_squares,27,8212,54,0,1559,38797710,1436952
