Dynamic Prime Algorithm Profiler (Fortran)
=================================
Main executable: [Fortran binary]
ENV: naive_prime_ at 0x401196 - 0x401200 (size: 0x6b)
ENV: naive_prime_squares_ at 0x401201 - 0x401295 (size: 0x95)
ENV: less_naive_prime_ at 0x401296 - 0x40139b (size: 0x106)
Address ranges configured with exact sizes!
Dynamic address configuration completed!
ENTER: naive_prime (call #1)
EXIT: naive_prime (cycles this call: 3510832)
ENTER: naive_prime (call #2)
EXIT: naive_prime (cycles this call: 3029458)
ENTER: naive_prime (call #3)
EXIT: naive_prime (cycles this call: 124082)
ENTER: naive_prime (call #4)
EXIT: naive_prime (cycles this call: 184228)
ENTER: naive_prime (call #5)
EXIT: naive_prime (cycles this call: 380774)
ENTER: naive_prime (call #6)
EXIT: naive_prime (cycles this call: 527700)
ENTER: naive_prime (call #7)
EXIT: naive_prime (cycles this call: 78708)
ENTER: naive_prime (call #8)
EXIT: naive_prime (cycles this call: 324190)
ENTER: naive_prime (call #9)
EXIT: naive_prime (cycles this call: 703456)
ENTER: naive_prime (call #10)
EXIT: naive_prime (cycles this call: 41146)
ENTER: naive_prime (call #11)
EXIT: naive_prime (cycles this call: 18134)
ENTER: naive_prime (call #12)
EXIT: naive_prime (cycles this call: 89816)
ENTER: naive_prime (call #13)
EXIT: naive_prime (cycles this call: 21966490)
ENTER: naive_prime (call #14)
EXIT: naive_prime (cycles this call: 21977856)
ENTER: naive_prime (call #15)
EXIT: naive_prime (cycles this call: 47851152)
ENTER: naive_prime (call #16)
EXIT: naive_prime (cycles this call: 10210528)
ENTER: naive_prime (call #17)
EXIT: naive_prime (cycles this call: 77590)
ENTER: naive_prime (call #18)
EXIT: naive_prime (cycles this call: 45910)
ENTER: naive_prime (call #19)
EXIT: naive_prime (cycles this call: 133668)
ENTER: naive_prime (call #20)
EXIT: naive_prime (cycles this call: 271649426)
ENTER: naive_prime (call #21)
EXIT: naive_prime (cycles this call: 35088242)
ENTER: naive_prime (call #22)
EXIT: naive_prime (cycles this call: 74528688)
ENTER: naive_prime (call #23)
EXIT: naive_prime (cycles this call: 135660984)
ENTER: naive_prime (call #24)
EXIT: naive_prime (cycles this call: 35042)
ENTER: naive_prime (call #25)
EXIT: naive_prime (cycles this call: 14122)
ENTER: naive_prime (call #26)
EXIT: naive_prime (cycles this call: 13456)
ENTER: naive_prime (call #27)
EXIT: naive_prime (cycles this call: 13212)
ENTER: naive_prime_squares (call #1)
EXIT: naive_prime_squares (cycles this call: 1739378)
ENTER: naive_prime_squares (call #2)
EXIT: naive_prime_squares (cycles this call: 4877918)
ENTER: naive_prime_squares (call #3)
EXIT: naive_prime_squares (cycles this call: 2932958)
ENTER: naive_prime_squares (call #4)
EXIT: naive_prime_squares (cycles this call: 57092)
ENTER: naive_prime_squares (call #5)
EXIT: naive_prime_squares (cycles this call: 76410)
ENTER: naive_prime_squares (call #6)
EXIT: naive_prime_squares (cycles this call: 95212)
ENTER: naive_prime_squares (call #7)
EXIT: naive_prime_squares (cycles this call: 41748)
ENTER: naive_prime_squares (call #8)
EXIT: naive_prime_squares (cycles this call: 73476)
ENTER: naive_prime_squares (call #9)
EXIT: naive_prime_squares (cycles this call: 34864)
ENTER: naive_prime_squares (call #10)
EXIT: naive_prime_squares (cycles this call: 43342)
ENTER: naive_prime_squares (call #11)
EXIT: naive_prime_squares (cycles this call: 27538)
ENTER: naive_prime_squares (call #12)
EXIT: naive_prime_squares (cycles this call: 58880)
ENTER: naive_prime_squares (call #13)
EXIT: naive_prime_squares (cycles this call: 506458)
ENTER: naive_prime_squares (call #14)
EXIT: naive_prime_squares (cycles this call: 510610)
ENTER: naive_prime_squares (call #15)
EXIT: naive_prime_squares (cycles this call: 777842)
ENTER: naive_prime_squares (call #16)
EXIT: naive_prime_squares (cycles this call: 392006)
ENTER: naive_prime_squares (call #17)
EXIT: naive_prime_squares (cycles this call: 163716)
ENTER: naive_prime_squares (call #18)
EXIT: naive_prime_squares (cycles this call: 94100)
ENTER: naive_prime_squares (call #19)
EXIT: naive_prime_squares (cycles this call: 281096)
ENTER: naive_prime_squares (call #20)
EXIT: naive_prime_squares (cycles this call: 1857402)
ENTER: naive_prime_squares (call #21)
EXIT: naive_prime_squares (cycles this call: 723532)
ENTER: naive_prime_squares (call #22)
EXIT: naive_prime_squares (cycles this call: 1348440)
ENTER: naive_prime_squares (call #23)
EXIT: naive_prime_squares (cycles this call: 1271480)
ENTER: naive_prime_squares (call #24)
EXIT: naive_prime_squares (cycles this call: 56196)
ENTER: naive_prime_squares (call #25)
EXIT: naive_prime_squares (cycles this call: 26354)
ENTER: naive_prime_squares (call #26)
EXIT: naive_prime_squares (cycles this call: 26816)
ENTER: naive_prime_squares (call #27)
EXIT: naive_prime_squares (cycles this call: 25338)
ENTER: less_naive_prime (call #1)
EXIT: less_naive_prime (cycles this call: 1820028)
ENTER: less_naive_prime (call #2)
EXIT: less_naive_prime (cycles this call: 65214)
ENTER: less_naive_prime (call #3)
EXIT: less_naive_prime (cycles this call: 9486778)
ENTER: less_naive_prime (call #4)
EXIT: less_naive_prime (cycles this call: 4147806)
ENTER: less_naive_prime (call #5)
EXIT: less_naive_prime (cycles this call: 39406)
ENTER: less_naive_prime (call #6)
EXIT: less_naive_prime (cycles this call: 45338)
ENTER: less_naive_prime (call #7)
EXIT: less_naive_prime (cycles this call: 27538)
ENTER: less_naive_prime (call #8)
EXIT: less_naive_prime (cycles this call: 35048)
ENTER: less_naive_prime (call #9)
EXIT: less_naive_prime (cycles this call: 24564)
ENTER: less_naive_prime (call #10)
EXIT: less_naive_prime (cycles this call: 28300)
ENTER: less_naive_prime (call #11)
EXIT: less_naive_prime (cycles this call: 26104)
ENTER: less_naive_prime (call #12)
EXIT: less_naive_prime (cycles this call: 33474)
ENTER: less_naive_prime (call #13)
EXIT: less_naive_prime (cycles this call: 124644)
ENTER: less_naive_prime (call #14)
EXIT: less_naive_prime (cycles this call: 133806)
ENTER: less_naive_prime (call #15)
EXIT: less_naive_prime (cycles this call: 187450)
ENTER: less_naive_prime (call #16)
EXIT: less_naive_prime (cycles this call: 98698)
ENTER: less_naive_prime (call #17)
EXIT: less_naive_prime (cycles this call: 54694)
ENTER: less_naive_prime (call #18)
EXIT: less_naive_prime (cycles this call: 40688)
ENTER: less_naive_prime (call #19)
EXIT: less_naive_prime (cycles this call: 79842)
ENTER: less_naive_prime (call #20)
EXIT: less_naive_prime (cycles this call: 415974)
ENTER: less_naive_prime (call #21)
EXIT: less_naive_prime (cycles this call: 198002)
ENTER: less_naive_prime (call #22)
EXIT: less_naive_prime (cycles this call: 231552)
ENTER: less_naive_prime (call #23)
EXIT: less_naive_prime (cycles this call: 291352)
ENTER: less_naive_prime (call #24)
EXIT: less_naive_prime (cycles this call: 33696)
ENTER: less_naive_prime (call #25)
EXIT: less_naive_prime (cycles this call: 21882)
ENTER: less_naive_prime (call #26)
EXIT: less_naive_prime (cycles this call: 23314)
ENTER: less_naive_prime (call #27)
EXIT: less_naive_prime (cycles this call: 23212)

========== COMPREHENSIVE PROFILING RESULTS ==========
Language: Fortran
Function            Calls     Instructions   Mem Reads   Mem Writes  Branches  Total Cycles   Avg Cyc/Call   
-------------------------------------------------------------------------------------------------------------------
less_naive_prime    27        6467           2159        315         704       17738404       656977         
naive_prime         27        2771440        989819      198022      593818    628278890      23269588       
naive_prime_squares 27        17869          6396        1347        3745      18120202       671118         

========== CSV DATA ==========
function,calls,instructions,mem_reads,mem_writes,branches,total_cycles,avg_cycles_per_call
less_naive_prime,27,6467,2159,315,704,17738404,656977
naive_prime,27,2771440,989819,198022,593818,628278890,23269588
naive_prime_squares,27,17869,6396,1347,3745,18120202,671118
