Dynamic Prime Algorithm Profiler (Fortran)
=================================
Main executable: [Fortran binary]
ENV: naive_prime_ at 0x4011e0 - 0x40131d (size: 0x13e)
ENV: naive_prime_squares_ at 0x401320 - 0x40148d (size: 0x16e)
ENV: less_naive_prime_ at 0x401490 - 0x40154a (size: 0xbb)
Address ranges configured with exact sizes!
Dynamic address configuration completed!
ENTER: naive_prime (call #1)
EXIT: naive_prime (cycles this call: 1040884)
ENTER: naive_prime (call #2)
EXIT: naive_prime (cycles this call: 3982520)
ENTER: naive_prime (call #3)
EXIT: naive_prime (cycles this call: 3722070)
ENTER: naive_prime (call #4)
EXIT: naive_prime (cycles this call: 2698292)
ENTER: naive_prime (call #5)
EXIT: naive_prime (cycles this call: 8825504)
ENTER: naive_prime (call #6)
EXIT: naive_prime (cycles this call: 155778)
ENTER: naive_prime (call #7)
EXIT: naive_prime (cycles this call: 37780)
ENTER: naive_prime (call #8)
EXIT: naive_prime (cycles this call: 99298)
ENTER: naive_prime (call #9)
EXIT: naive_prime (cycles this call: 459032)
ENTER: naive_prime (call #10)
EXIT: naive_prime (cycles this call: 20642)
ENTER: naive_prime (call #11)
EXIT: naive_prime (cycles this call: 305086)
ENTER: naive_prime (call #12)
EXIT: naive_prime (cycles this call: 2910014)
ENTER: naive_prime (call #13)
EXIT: naive_prime (cycles this call: 5398952)
ENTER: naive_prime (call #14)
EXIT: naive_prime (cycles this call: 5811196)
ENTER: naive_prime (call #15)
EXIT: naive_prime (cycles this call: 18375050)
ENTER: naive_prime (call #16)
EXIT: naive_prime (cycles this call: 3008684)
ENTER: naive_prime (call #17)
EXIT: naive_prime (cycles this call: 52512)
ENTER: naive_prime (call #18)
EXIT: naive_prime (cycles this call: 21652)
ENTER: naive_prime (call #19)
EXIT: naive_prime (cycles this call: 54894)
ENTER: naive_prime (call #20)
EXIT: naive_prime (cycles this call: 80381352)
ENTER: naive_prime (call #21)
EXIT: naive_prime (cycles this call: 11011680)
ENTER: naive_prime (call #22)
EXIT: naive_prime (cycles this call: 22535150)
ENTER: naive_prime (call #23)
EXIT: naive_prime (cycles this call: 40590588)
ENTER: naive_prime (call #24)
EXIT: naive_prime (cycles this call: 29880)
ENTER: naive_prime (call #25)
EXIT: naive_prime (cycles this call: 21262)
ENTER: naive_prime (call #26)
EXIT: naive_prime (cycles this call: 9256)
ENTER: naive_prime (call #27)
EXIT: naive_prime (cycles this call: 9216)
ENTER: naive_prime_squares (call #1)
EXIT: naive_prime_squares (cycles this call: 405662)
ENTER: naive_prime_squares (call #2)
EXIT: naive_prime_squares (cycles this call: 70758)
ENTER: naive_prime_squares (call #3)
EXIT: naive_prime_squares (cycles this call: 4055446)
ENTER: naive_prime_squares (call #4)
EXIT: naive_prime_squares (cycles this call: 2354038)
ENTER: naive_prime_squares (call #5)
EXIT: naive_prime_squares (cycles this call: 5689468)
ENTER: naive_prime_squares (call #6)
EXIT: naive_prime_squares (cycles this call: 4070992)
ENTER: naive_prime_squares (call #7)
EXIT: naive_prime_squares (cycles this call: 23538)
ENTER: naive_prime_squares (call #8)
EXIT: naive_prime_squares (cycles this call: 30738)
ENTER: naive_prime_squares (call #9)
EXIT: naive_prime_squares (cycles this call: 374716)
ENTER: naive_prime_squares (call #10)
EXIT: naive_prime_squares (cycles this call: 20960)
ENTER: naive_prime_squares (call #11)
EXIT: naive_prime_squares (cycles this call: 12682)
ENTER: naive_prime_squares (call #12)
EXIT: naive_prime_squares (cycles this call: 1886440)
ENTER: naive_prime_squares (call #13)
EXIT: naive_prime_squares (cycles this call: 1734616)
ENTER: naive_prime_squares (call #14)
EXIT: naive_prime_squares (cycles this call: 6138552)
ENTER: naive_prime_squares (call #15)
EXIT: naive_prime_squares (cycles this call: 202228)
ENTER: naive_prime_squares (call #16)
EXIT: naive_prime_squares (cycles this call: 107736)
ENTER: naive_prime_squares (call #17)
EXIT: naive_prime_squares (cycles this call: 52864)
ENTER: naive_prime_squares (call #18)
EXIT: naive_prime_squares (cycles this call: 32704)
ENTER: naive_prime_squares (call #19)
EXIT: naive_prime_squares (cycles this call: 947502)
ENTER: naive_prime_squares (call #20)
EXIT: naive_prime_squares (cycles this call: 2112294)
ENTER: naive_prime_squares (call #21)
EXIT: naive_prime_squares (cycles this call: 214976)
ENTER: naive_prime_squares (call #22)
EXIT: naive_prime_squares (cycles this call: 276658)
ENTER: naive_prime_squares (call #23)
EXIT: naive_prime_squares (cycles this call: 326390)
ENTER: naive_prime_squares (call #24)
EXIT: naive_prime_squares (cycles this call: 23416)
ENTER: naive_prime_squares (call #25)
EXIT: naive_prime_squares (cycles this call: 17702)
ENTER: naive_prime_squares (call #26)
EXIT: naive_prime_squares (cycles this call: 12528)
ENTER: naive_prime_squares (call #27)
EXIT: naive_prime_squares (cycles this call: 12420)
ENTER: less_naive_prime (call #1)
EXIT: less_naive_prime (cycles this call: 453266)
ENTER: less_naive_prime (call #2)
EXIT: less_naive_prime (cycles this call: 46914)
ENTER: less_naive_prime (call #3)
EXIT: less_naive_prime (cycles this call: 2356086)
ENTER: less_naive_prime (call #4)
EXIT: less_naive_prime (cycles this call: 1384728)
ENTER: less_naive_prime (call #5)
EXIT: less_naive_prime (cycles this call: 16504)
ENTER: less_naive_prime (call #6)
EXIT: less_naive_prime (cycles this call: 1428826)
ENTER: less_naive_prime (call #7)
EXIT: less_naive_prime (cycles this call: 13738)
ENTER: less_naive_prime (call #8)
EXIT: less_naive_prime (cycles this call: 16958)
ENTER: less_naive_prime (call #9)
EXIT: less_naive_prime (cycles this call: 15240)
ENTER: less_naive_prime (call #10)
EXIT: less_naive_prime (cycles this call: 18026)
ENTER: less_naive_prime (call #11)
EXIT: less_naive_prime (cycles this call: 10140)
ENTER: less_naive_prime (call #12)
EXIT: less_naive_prime (cycles this call: 13758)
ENTER: less_naive_prime (call #13)
EXIT: less_naive_prime (cycles this call: 45230)
ENTER: less_naive_prime (call #14)
EXIT: less_naive_prime (cycles this call: 45936)
ENTER: less_naive_prime (call #15)
EXIT: less_naive_prime (cycles this call: 84758)
ENTER: less_naive_prime (call #16)
EXIT: less_naive_prime (cycles this call: 57076)
ENTER: less_naive_prime (call #17)
EXIT: less_naive_prime (cycles this call: 425692)
ENTER: less_naive_prime (call #18)
EXIT: less_naive_prime (cycles this call: 17660)
ENTER: less_naive_prime (call #19)
EXIT: less_naive_prime (cycles this call: 29960)
ENTER: less_naive_prime (call #20)
EXIT: less_naive_prime (cycles this call: 138762)
ENTER: less_naive_prime (call #21)
EXIT: less_naive_prime (cycles this call: 60904)
ENTER: less_naive_prime (call #22)
EXIT: less_naive_prime (cycles this call: 79340)
ENTER: less_naive_prime (call #23)
EXIT: less_naive_prime (cycles this call: 102792)
ENTER: less_naive_prime (call #24)
EXIT: less_naive_prime (cycles this call: 17030)
ENTER: less_naive_prime (call #25)
EXIT: less_naive_prime (cycles this call: 14568)
ENTER: less_naive_prime (call #26)
EXIT: less_naive_prime (cycles this call: 10038)
ENTER: less_naive_prime (call #27)
EXIT: less_naive_prime (cycles this call: 9938)

========== COMPREHENSIVE PROFILING RESULTS ==========
Language: Fortran
Function            Calls     Instructions   Mem Reads   Mem Writes  Branches  Total Cycles   Avg Cyc/Call   
-------------------------------------------------------------------------------------------------------------------
less_naive_prime    27        3474           54          0           731       6913868        256069         
naive_prime         27        1237423        54          0           222810    211568224      7835860        
naive_prime_squares 27        8212           54          0           1559      31208024       1155852        

========== CSV DATA ==========
function,calls,instructions,mem_reads,mem_writes,branches,total_cycles,avg_cycles_per_call
less_naive_prime,27,3474,54,0,731,6913868,256069
naive_prime,27,1237423,54,0,222810,211568224,7835860
naive_prime_squares,27,8212,54,0,1559,31208024,1155852
