Dynamic Prime Algorithm Profiler
=================================
Main executable: /home/espadon/src/PrimeProfiler/build/opt0/main
ENV: naive_prime at 0x4014b8 - 0x401500 (size: 0x48)
ENV: naive_prime_squares at 0x401500 - 0x40154b (size: 0x4b)
ENV: less_naive_prime at 0x40154b - 0x4015fc (size: 0xb1)
Address ranges configured with exact sizes!
Dynamic address configuration completed!
ENTER: naive_prime (call #1)
EXIT: naive_prime (cycles this call: 1427936)
ENTER: naive_prime (call #2)
EXIT: naive_prime (cycles this call: 2385306)
ENTER: naive_prime (call #3)
EXIT: naive_prime (cycles this call: 21350)
ENTER: naive_prime (call #4)
EXIT: naive_prime (cycles this call: 81636)
ENTER: naive_prime (call #5)
EXIT: naive_prime (cycles this call: 119710)
ENTER: naive_prime (call #6)
EXIT: naive_prime (cycles this call: 171064)
ENTER: naive_prime (call #7)
EXIT: naive_prime (cycles this call: 452454)
ENTER: naive_prime (call #8)
EXIT: naive_prime (cycles this call: 36984)
ENTER: naive_prime (call #9)
EXIT: naive_prime (cycles this call: 9666)
ENTER: less_naive_prime (call #1)
EXIT: less_naive_prime (cycles this call: 1606524)
ENTER: less_naive_prime (call #2)
EXIT: less_naive_prime (cycles this call: 28892)
ENTER: less_naive_prime (call #3)
EXIT: less_naive_prime (cycles this call: 3245340)
ENTER: less_naive_prime (call #4)
EXIT: less_naive_prime (cycles this call: 3270624)
ENTER: less_naive_prime (call #5)
EXIT: less_naive_prime (cycles this call: 19784)
ENTER: less_naive_prime (call #6)
EXIT: less_naive_prime (cycles this call: 16692)
ENTER: less_naive_prime (call #7)
EXIT: less_naive_prime (cycles this call: 13654)
ENTER: less_naive_prime (call #8)
EXIT: less_naive_prime (cycles this call: 11386)
ENTER: less_naive_prime (call #9)
EXIT: less_naive_prime (cycles this call: 338624)
ENTER: naive_prime_squares (call #1)
EXIT: naive_prime_squares (cycles this call: 1301958)
ENTER: naive_prime_squares (call #2)
EXIT: naive_prime_squares (cycles this call: 35966)
ENTER: naive_prime_squares (call #3)
EXIT: naive_prime_squares (cycles this call: 2119586)
ENTER: naive_prime_squares (call #4)
EXIT: naive_prime_squares (cycles this call: 49620)
ENTER: naive_prime_squares (call #5)
EXIT: naive_prime_squares (cycles this call: 30848)
ENTER: naive_prime_squares (call #6)
EXIT: naive_prime_squares (cycles this call: 34240)
ENTER: naive_prime_squares (call #7)
EXIT: naive_prime_squares (cycles this call: 511224)
ENTER: naive_prime_squares (call #8)
EXIT: naive_prime_squares (cycles this call: 15126)
ENTER: naive_prime_squares (call #9)
EXIT: naive_prime_squares (cycles this call: 11840)
ENTER: naive_prime (call #10)
EXIT: naive_prime (cycles this call: 259550)
ENTER: naive_prime (call #11)
EXIT: naive_prime (cycles this call: 576008)
ENTER: naive_prime (call #12)
EXIT: naive_prime (cycles this call: 1090832)
ENTER: naive_prime (call #13)
EXIT: naive_prime (cycles this call: 2055878)
ENTER: naive_prime (call #14)
EXIT: naive_prime (cycles this call: 2464274)
ENTER: naive_prime (call #15)
EXIT: naive_prime (cycles this call: 3069978)
ENTER: naive_prime (call #16)
EXIT: naive_prime (cycles this call: 10768)
ENTER: naive_prime (call #17)
EXIT: naive_prime (cycles this call: 18720)
ENTER: naive_prime (call #18)
EXIT: naive_prime (cycles this call: 10514)
ENTER: less_naive_prime (call #10)
EXIT: less_naive_prime (cycles this call: 48502)
ENTER: less_naive_prime (call #11)
EXIT: less_naive_prime (cycles this call: 28636)
ENTER: less_naive_prime (call #12)
EXIT: less_naive_prime (cycles this call: 37694)
ENTER: less_naive_prime (call #13)
EXIT: less_naive_prime (cycles this call: 29668)
ENTER: less_naive_prime (call #14)
EXIT: less_naive_prime (cycles this call: 30920)
ENTER: less_naive_prime (call #15)
EXIT: less_naive_prime (cycles this call: 33650)
ENTER: less_naive_prime (call #16)
EXIT: less_naive_prime (cycles this call: 11048)
ENTER: less_naive_prime (call #17)
EXIT: less_naive_prime (cycles this call: 16512)
ENTER: less_naive_prime (call #18)
EXIT: less_naive_prime (cycles this call: 11450)
ENTER: naive_prime_squares (call #10)
EXIT: naive_prime_squares (cycles this call: 55746)
ENTER: naive_prime_squares (call #11)
EXIT: naive_prime_squares (cycles this call: 54558)
ENTER: naive_prime_squares (call #12)
EXIT: naive_prime_squares (cycles this call: 75094)
ENTER: naive_prime_squares (call #13)
EXIT: naive_prime_squares (cycles this call: 97966)
ENTER: naive_prime_squares (call #14)
EXIT: naive_prime_squares (cycles this call: 105960)
ENTER: naive_prime_squares (call #15)
EXIT: naive_prime_squares (cycles this call: 143736)
ENTER: naive_prime_squares (call #16)
EXIT: naive_prime_squares (cycles this call: 54936)
ENTER: naive_prime_squares (call #17)
EXIT: naive_prime_squares (cycles this call: 30520)
ENTER: naive_prime_squares (call #18)
EXIT: naive_prime_squares (cycles this call: 13964)
ENTER: naive_prime (call #19)
EXIT: naive_prime (cycles this call: 4866488)
ENTER: naive_prime (call #20)
EXIT: naive_prime (cycles this call: 10386776)
ENTER: naive_prime (call #21)
EXIT: naive_prime (cycles this call: 1548735340)
ENTER: naive_prime (call #22)
EXIT: naive_prime (cycles this call: 20278600)
ENTER: naive_prime (call #23)
EXIT: naive_prime (cycles this call: 25363332)
ENTER: naive_prime (call #24)
EXIT: naive_prime (cycles this call: 30688726)
ENTER: naive_prime (call #25)
EXIT: naive_prime (cycles this call: 11916)
ENTER: naive_prime (call #26)
EXIT: naive_prime (cycles this call: 12666)
ENTER: naive_prime (call #27)
EXIT: naive_prime (cycles this call: 10520)
ENTER: less_naive_prime (call #19)
EXIT: less_naive_prime (cycles this call: 103588)
ENTER: less_naive_prime (call #20)
EXIT: less_naive_prime (cycles this call: 51092)
ENTER: less_naive_prime (call #21)
EXIT: less_naive_prime (cycles this call: 485468)
ENTER: less_naive_prime (call #22)
EXIT: less_naive_prime (cycles this call: 66006)
ENTER: less_naive_prime (call #23)
EXIT: less_naive_prime (cycles this call: 73114)
ENTER: less_naive_prime (call #24)
EXIT: less_naive_prime (cycles this call: 80630)
ENTER: less_naive_prime (call #25)
EXIT: less_naive_prime (cycles this call: 15164)
ENTER: less_naive_prime (call #26)
EXIT: less_naive_prime (cycles this call: 14928)
ENTER: less_naive_prime (call #27)
EXIT: less_naive_prime (cycles this call: 11020)
ENTER: naive_prime_squares (call #19)
EXIT: naive_prime_squares (cycles this call: 194500)
ENTER: naive_prime_squares (call #20)
EXIT: naive_prime_squares (cycles this call: 215126)
ENTER: naive_prime_squares (call #21)
EXIT: naive_prime_squares (cycles this call: 2643268)
ENTER: naive_prime_squares (call #22)
EXIT: naive_prime_squares (cycles this call: 324050)
ENTER: naive_prime_squares (call #23)
EXIT: naive_prime_squares (cycles this call: 346702)
ENTER: naive_prime_squares (call #24)
EXIT: naive_prime_squares (cycles this call: 364002)
ENTER: naive_prime_squares (call #25)
EXIT: naive_prime_squares (cycles this call: 14606)
ENTER: naive_prime_squares (call #26)
EXIT: naive_prime_squares (cycles this call: 18636)
ENTER: naive_prime_squares (call #27)
EXIT: naive_prime_squares (cycles this call: 14040)

========== COMPREHENSIVE PROFILING RESULTS ==========
Function            Calls     Instructions   Mem Reads   Mem Writes  Branches  Total Cycles   Avg Cyc/Call   
-------------------------------------------------------------------------------------------------------------------
less_naive_prime    27        8202           2668        421         1227      9700610        359281         
naive_prime         27        15996294       7998093     1599669     3199275   1654616992     61282110       
naive_prime_squares 27        23695          10723       2195        4327      8877818        328808         

========== CSV DATA ==========
function,calls,instructions,mem_reads,mem_writes,branches,total_cycles,avg_cycles_per_call
less_naive_prime,27,8202,2668,421,1227,9700610,359281
naive_prime,27,15996294,7998093,1599669,3199275,1654616992,61282110
naive_prime_squares,27,23695,10723,2195,4327,8877818,328808
