Comprehensive Prime Algorithm Profiler
=====================================
Main executable: /home/espadon/src/PrimeProfiler/build/opt0/main
No symbols found, using hardcoded addresses from nm...
naive_prime: 0x4014b8 - 0x401500
less_naive_prime: 0x40154b - 0x4015fc
naive_prime_squares: 0x401500 - 0x40154b
ENTER: naive_prime (call #1)
EXIT: naive_prime (cycles this call: 1661026)
ENTER: naive_prime (call #2)
EXIT: naive_prime (cycles this call: 2611890)
ENTER: naive_prime (call #3)
EXIT: naive_prime (cycles this call: 21902)
ENTER: naive_prime (call #4)
EXIT: naive_prime (cycles this call: 95898)
ENTER: naive_prime (call #5)
EXIT: naive_prime (cycles this call: 99454)
ENTER: naive_prime (call #6)
EXIT: naive_prime (cycles this call: 149974)
ENTER: naive_prime (call #7)
EXIT: naive_prime (cycles this call: 440936)
ENTER: naive_prime (call #8)
EXIT: naive_prime (cycles this call: 36192)
ENTER: naive_prime (call #9)
EXIT: naive_prime (cycles this call: 9420)
ENTER: less_naive_prime (call #1)
EXIT: less_naive_prime (cycles this call: 1651448)
ENTER: less_naive_prime (call #2)
EXIT: less_naive_prime (cycles this call: 48446)
ENTER: less_naive_prime (call #3)
EXIT: less_naive_prime (cycles this call: 3193742)
ENTER: less_naive_prime (call #4)
EXIT: less_naive_prime (cycles this call: 3256092)
ENTER: less_naive_prime (call #5)
EXIT: less_naive_prime (cycles this call: 22264)
ENTER: less_naive_prime (call #6)
EXIT: less_naive_prime (cycles this call: 17396)
ENTER: less_naive_prime (call #7)
EXIT: less_naive_prime (cycles this call: 14096)
ENTER: less_naive_prime (call #8)
EXIT: less_naive_prime (cycles this call: 11050)
ENTER: less_naive_prime (call #9)
EXIT: less_naive_prime (cycles this call: 412170)
ENTER: naive_prime_squares (call #1)
EXIT: naive_prime_squares (cycles this call: 1311352)
ENTER: naive_prime_squares (call #2)
EXIT: naive_prime_squares (cycles this call: 26786)
ENTER: naive_prime_squares (call #3)
EXIT: naive_prime_squares (cycles this call: 1987208)
ENTER: naive_prime_squares (call #4)
EXIT: naive_prime_squares (cycles this call: 23922)
ENTER: naive_prime_squares (call #5)
EXIT: naive_prime_squares (cycles this call: 27942)
ENTER: naive_prime_squares (call #6)
EXIT: naive_prime_squares (cycles this call: 34436)
ENTER: naive_prime_squares (call #7)
EXIT: naive_prime_squares (cycles this call: 428856)
ENTER: naive_prime_squares (call #8)
EXIT: naive_prime_squares (cycles this call: 16802)
ENTER: naive_prime_squares (call #9)
EXIT: naive_prime_squares (cycles this call: 11876)
ENTER: naive_prime (call #10)
EXIT: naive_prime (cycles this call: 640472)
ENTER: naive_prime (call #11)
EXIT: naive_prime (cycles this call: 599856)
ENTER: naive_prime (call #12)
EXIT: naive_prime (cycles this call: 1365934)
ENTER: naive_prime (call #13)
EXIT: naive_prime (cycles this call: 2018750)
ENTER: naive_prime (call #14)
EXIT: naive_prime (cycles this call: 2348872)
ENTER: naive_prime (call #15)
EXIT: naive_prime (cycles this call: 2987980)
ENTER: naive_prime (call #16)
EXIT: naive_prime (cycles this call: 14148)
ENTER: naive_prime (call #17)
EXIT: naive_prime (cycles this call: 18734)
ENTER: naive_prime (call #18)
EXIT: naive_prime (cycles this call: 10894)
ENTER: less_naive_prime (call #10)
EXIT: less_naive_prime (cycles this call: 54428)
ENTER: less_naive_prime (call #11)
EXIT: less_naive_prime (cycles this call: 19688)
ENTER: less_naive_prime (call #12)
EXIT: less_naive_prime (cycles this call: 30650)
ENTER: less_naive_prime (call #13)
EXIT: less_naive_prime (cycles this call: 28838)
ENTER: less_naive_prime (call #14)
EXIT: less_naive_prime (cycles this call: 40950)
ENTER: less_naive_prime (call #15)
EXIT: less_naive_prime (cycles this call: 36732)
ENTER: less_naive_prime (call #16)
EXIT: less_naive_prime (cycles this call: 10440)
ENTER: less_naive_prime (call #17)
EXIT: less_naive_prime (cycles this call: 17354)
ENTER: less_naive_prime (call #18)
EXIT: less_naive_prime (cycles this call: 11230)
ENTER: naive_prime_squares (call #10)
EXIT: naive_prime_squares (cycles this call: 60094)
ENTER: naive_prime_squares (call #11)
EXIT: naive_prime_squares (cycles this call: 55710)
ENTER: naive_prime_squares (call #12)
EXIT: naive_prime_squares (cycles this call: 75680)
ENTER: naive_prime_squares (call #13)
EXIT: naive_prime_squares (cycles this call: 102702)
ENTER: naive_prime_squares (call #14)
EXIT: naive_prime_squares (cycles this call: 139300)
ENTER: naive_prime_squares (call #15)
EXIT: naive_prime_squares (cycles this call: 179470)
ENTER: naive_prime_squares (call #16)
EXIT: naive_prime_squares (cycles this call: 16018)
ENTER: naive_prime_squares (call #17)
EXIT: naive_prime_squares (cycles this call: 34688)
ENTER: naive_prime_squares (call #18)
EXIT: naive_prime_squares (cycles this call: 14152)
ENTER: naive_prime (call #19)
EXIT: naive_prime (cycles this call: 5106220)
ENTER: naive_prime (call #20)
EXIT: naive_prime (cycles this call: 10558586)
ENTER: naive_prime (call #21)
EXIT: naive_prime (cycles this call: 1545509090)
ENTER: naive_prime (call #22)
EXIT: naive_prime (cycles this call: 21558114)
ENTER: naive_prime (call #23)
EXIT: naive_prime (cycles this call: 26445532)
ENTER: naive_prime (call #24)
EXIT: naive_prime (cycles this call: 31342434)
ENTER: naive_prime (call #25)
EXIT: naive_prime (cycles this call: 13072)
ENTER: naive_prime (call #26)
EXIT: naive_prime (cycles this call: 17736)
ENTER: naive_prime (call #27)
EXIT: naive_prime (cycles this call: 10320)
ENTER: less_naive_prime (call #19)
EXIT: less_naive_prime (cycles this call: 109444)
ENTER: less_naive_prime (call #20)
EXIT: less_naive_prime (cycles this call: 50358)
ENTER: less_naive_prime (call #21)
EXIT: less_naive_prime (cycles this call: 562434)
ENTER: less_naive_prime (call #22)
EXIT: less_naive_prime (cycles this call: 67518)
ENTER: less_naive_prime (call #23)
EXIT: less_naive_prime (cycles this call: 73790)
ENTER: less_naive_prime (call #24)
EXIT: less_naive_prime (cycles this call: 79732)
ENTER: less_naive_prime (call #25)
EXIT: less_naive_prime (cycles this call: 11194)
ENTER: less_naive_prime (call #26)
EXIT: less_naive_prime (cycles this call: 14120)
ENTER: less_naive_prime (call #27)
EXIT: less_naive_prime (cycles this call: 11376)
ENTER: naive_prime_squares (call #19)
EXIT: naive_prime_squares (cycles this call: 171166)
ENTER: naive_prime_squares (call #20)
EXIT: naive_prime_squares (cycles this call: 211198)
ENTER: naive_prime_squares (call #21)
EXIT: naive_prime_squares (cycles this call: 2734688)
ENTER: naive_prime_squares (call #22)
EXIT: naive_prime_squares (cycles this call: 310294)
ENTER: naive_prime_squares (call #23)
EXIT: naive_prime_squares (cycles this call: 362094)
ENTER: naive_prime_squares (call #24)
EXIT: naive_prime_squares (cycles this call: 406900)
ENTER: naive_prime_squares (call #25)
EXIT: naive_prime_squares (cycles this call: 14744)
ENTER: naive_prime_squares (call #26)
EXIT: naive_prime_squares (cycles this call: 17812)
ENTER: naive_prime_squares (call #27)
EXIT: naive_prime_squares (cycles this call: 19812)

========== COMPREHENSIVE PROFILING RESULTS ==========
Function            Calls     Instructions   Mem Reads   Mem Writes  Branches  Total Cycles   Avg Cyc/Call   
-------------------------------------------------------------------------------------------------------------------
less_naive_prime    27        8202           2668        421         1227      9856980        365073         
naive_prime         27        15996294       7998093     1599669     3199275   1655693436     61321979       
naive_prime_squares 27        23695          10723       2195        4327      8795702        325766         

========== CSV DATA ==========
function,calls,instructions,mem_reads,mem_writes,branches,total_cycles,avg_cycles_per_call
less_naive_prime,27,8202,2668,421,1227,9856980,365073
naive_prime,27,15996294,7998093,1599669,3199275,1655693436,61321979
naive_prime_squares,27,23695,10723,2195,4327,8795702,325766
