Dynamic Prime Algorithm Profiler
=================================
Main executable: /home/espadon/src/PrimeProfiler/build/opt1/main
ENV: naive_prime at 0x4014b8 - 0x401500 (size: 0x48)
ENV: naive_prime_squares at 0x401500 - 0x40154b (size: 0x4b)
ENV: less_naive_prime at 0x40154b - 0x4015fc (size: 0xb1)
Address ranges configured with exact sizes!
Dynamic address configuration completed!
ENTER: naive_prime (call #1)
EXIT: naive_prime (cycles this call: 2127298)
ENTER: naive_prime (call #2)
EXIT: naive_prime (cycles this call: 2521876)
ENTER: naive_prime (call #3)
EXIT: naive_prime (cycles this call: 30062)
ENTER: naive_prime (call #4)
EXIT: naive_prime (cycles this call: 120618)
ENTER: naive_prime (call #5)
EXIT: naive_prime (cycles this call: 105272)
ENTER: naive_prime (call #6)
EXIT: naive_prime (cycles this call: 159846)
ENTER: naive_prime (call #7)
EXIT: naive_prime (cycles this call: 582242)
ENTER: naive_prime (call #8)
EXIT: naive_prime (cycles this call: 69710)
ENTER: naive_prime (call #9)
EXIT: naive_prime (cycles this call: 14174)
ENTER: less_naive_prime (call #1)
EXIT: less_naive_prime (cycles this call: 2116114)
ENTER: less_naive_prime (call #2)
EXIT: less_naive_prime (cycles this call: 43616)
ENTER: less_naive_prime (call #3)
EXIT: less_naive_prime (cycles this call: 3435862)
ENTER: less_naive_prime (call #4)
EXIT: less_naive_prime (cycles this call: 4175048)
ENTER: less_naive_prime (call #5)
EXIT: less_naive_prime (cycles this call: 24552)
ENTER: less_naive_prime (call #6)
EXIT: less_naive_prime (cycles this call: 21360)
ENTER: less_naive_prime (call #7)
EXIT: less_naive_prime (cycles this call: 20526)
ENTER: less_naive_prime (call #8)
EXIT: less_naive_prime (cycles this call: 13902)
ENTER: less_naive_prime (call #9)
EXIT: less_naive_prime (cycles this call: 538114)
ENTER: naive_prime_squares (call #1)
EXIT: naive_prime_squares (cycles this call: 1866686)
ENTER: naive_prime_squares (call #2)
EXIT: naive_prime_squares (cycles this call: 58016)
ENTER: naive_prime_squares (call #3)
EXIT: naive_prime_squares (cycles this call: 2512964)
ENTER: naive_prime_squares (call #4)
EXIT: naive_prime_squares (cycles this call: 87580)
ENTER: naive_prime_squares (call #5)
EXIT: naive_prime_squares (cycles this call: 39772)
ENTER: naive_prime_squares (call #6)
EXIT: naive_prime_squares (cycles this call: 33952)
ENTER: naive_prime_squares (call #7)
EXIT: naive_prime_squares (cycles this call: 641120)
ENTER: naive_prime_squares (call #8)
EXIT: naive_prime_squares (cycles this call: 21826)
ENTER: naive_prime_squares (call #9)
EXIT: naive_prime_squares (cycles this call: 17604)
ENTER: naive_prime (call #10)
EXIT: naive_prime (cycles this call: 289450)
ENTER: naive_prime (call #11)
EXIT: naive_prime (cycles this call: 516440)
ENTER: naive_prime (call #12)
EXIT: naive_prime (cycles this call: 1116738)
ENTER: naive_prime (call #13)
EXIT: naive_prime (cycles this call: 2609596)
ENTER: naive_prime (call #14)
EXIT: naive_prime (cycles this call: 3441228)
ENTER: naive_prime (call #15)
EXIT: naive_prime (cycles this call: 3147232)
ENTER: naive_prime (call #16)
EXIT: naive_prime (cycles this call: 11308)
ENTER: naive_prime (call #17)
EXIT: naive_prime (cycles this call: 27438)
ENTER: naive_prime (call #18)
EXIT: naive_prime (cycles this call: 15988)
ENTER: less_naive_prime (call #10)
EXIT: less_naive_prime (cycles this call: 39860)
ENTER: less_naive_prime (call #11)
EXIT: less_naive_prime (cycles this call: 19924)
ENTER: less_naive_prime (call #12)
EXIT: less_naive_prime (cycles this call: 24776)
ENTER: less_naive_prime (call #13)
EXIT: less_naive_prime (cycles this call: 28724)
ENTER: less_naive_prime (call #14)
EXIT: less_naive_prime (cycles this call: 31768)
ENTER: less_naive_prime (call #15)
EXIT: less_naive_prime (cycles this call: 47940)
ENTER: less_naive_prime (call #16)
EXIT: less_naive_prime (cycles this call: 13180)
ENTER: less_naive_prime (call #17)
EXIT: less_naive_prime (cycles this call: 18216)
ENTER: less_naive_prime (call #18)
EXIT: less_naive_prime (cycles this call: 11550)
ENTER: naive_prime_squares (call #10)
EXIT: naive_prime_squares (cycles this call: 100246)
ENTER: naive_prime_squares (call #11)
EXIT: naive_prime_squares (cycles this call: 60268)
ENTER: naive_prime_squares (call #12)
EXIT: naive_prime_squares (cycles this call: 73990)
ENTER: naive_prime_squares (call #13)
EXIT: naive_prime_squares (cycles this call: 101058)
ENTER: naive_prime_squares (call #14)
EXIT: naive_prime_squares (cycles this call: 107324)
ENTER: naive_prime_squares (call #15)
EXIT: naive_prime_squares (cycles this call: 120648)
ENTER: naive_prime_squares (call #16)
EXIT: naive_prime_squares (cycles this call: 12358)
ENTER: naive_prime_squares (call #17)
EXIT: naive_prime_squares (cycles this call: 30182)
ENTER: naive_prime_squares (call #18)
EXIT: naive_prime_squares (cycles this call: 13890)
ENTER: naive_prime (call #19)
EXIT: naive_prime (cycles this call: 5285314)
ENTER: naive_prime (call #20)
EXIT: naive_prime (cycles this call: 12743872)
ENTER: naive_prime (call #21)
EXIT: naive_prime (cycles this call: 1580066114)
ENTER: naive_prime (call #22)
EXIT: naive_prime (cycles this call: 20548666)
ENTER: naive_prime (call #23)
EXIT: naive_prime (cycles this call: 25548078)
ENTER: naive_prime (call #24)
EXIT: naive_prime (cycles this call: 30551440)
ENTER: naive_prime (call #25)
EXIT: naive_prime (cycles this call: 11802)
ENTER: naive_prime (call #26)
EXIT: naive_prime (cycles this call: 12944)
ENTER: naive_prime (call #27)
EXIT: naive_prime (cycles this call: 14654)
ENTER: less_naive_prime (call #19)
EXIT: less_naive_prime (cycles this call: 95436)
ENTER: less_naive_prime (call #20)
EXIT: less_naive_prime (cycles this call: 50930)
ENTER: less_naive_prime (call #21)
EXIT: less_naive_prime (cycles this call: 491766)
ENTER: less_naive_prime (call #22)
EXIT: less_naive_prime (cycles this call: 67734)
ENTER: less_naive_prime (call #23)
EXIT: less_naive_prime (cycles this call: 440134)
ENTER: less_naive_prime (call #24)
EXIT: less_naive_prime (cycles this call: 82882)
ENTER: less_naive_prime (call #25)
EXIT: less_naive_prime (cycles this call: 11570)
ENTER: less_naive_prime (call #26)
EXIT: less_naive_prime (cycles this call: 13968)
ENTER: less_naive_prime (call #27)
EXIT: less_naive_prime (cycles this call: 10854)
ENTER: naive_prime_squares (call #19)
EXIT: naive_prime_squares (cycles this call: 188486)
ENTER: naive_prime_squares (call #20)
EXIT: naive_prime_squares (cycles this call: 211212)
ENTER: naive_prime_squares (call #21)
EXIT: naive_prime_squares (cycles this call: 2699052)
ENTER: naive_prime_squares (call #22)
EXIT: naive_prime_squares (cycles this call: 300432)
ENTER: naive_prime_squares (call #23)
EXIT: naive_prime_squares (cycles this call: 348806)
ENTER: naive_prime_squares (call #24)
EXIT: naive_prime_squares (cycles this call: 371184)
ENTER: naive_prime_squares (call #25)
EXIT: naive_prime_squares (cycles this call: 14196)
ENTER: naive_prime_squares (call #26)
EXIT: naive_prime_squares (cycles this call: 18532)
ENTER: naive_prime_squares (call #27)
EXIT: naive_prime_squares (cycles this call: 14236)

========== COMPREHENSIVE PROFILING RESULTS ==========
Function            Calls     Instructions   Mem Reads   Mem Writes  Branches  Total Cycles   Avg Cyc/Call   
-------------------------------------------------------------------------------------------------------------------
less_naive_prime    27        8202           2668        421         1227      11890306       440381         
naive_prime         27        15996294       7998093     1599669     3199275   1691689400     62655162       
naive_prime_squares 27        23695          10723       2195        4327      10065620       372800         

========== CSV DATA ==========
function,calls,instructions,mem_reads,mem_writes,branches,total_cycles,avg_cycles_per_call
less_naive_prime,27,8202,2668,421,1227,11890306,440381
naive_prime,27,15996294,7998093,1599669,3199275,1691689400,62655162
naive_prime_squares,27,23695,10723,2195,4327,10065620,372800
