Comprehensive Prime Algorithm Profiler
=====================================
Main executable: /home/espadon/src/PrimeProfiler/build/opt1/main
No symbols found, using hardcoded addresses from nm...
naive_prime: 0x4014b8 - 0x401500
less_naive_prime: 0x40154b - 0x4015fc
naive_prime_squares: 0x401500 - 0x40154b
ENTER: naive_prime (call #1)
EXIT: naive_prime (cycles this call: 1403556)
ENTER: naive_prime (call #2)
EXIT: naive_prime (cycles this call: 2091494)
ENTER: naive_prime (call #3)
EXIT: naive_prime (cycles this call: 23030)
ENTER: naive_prime (call #4)
EXIT: naive_prime (cycles this call: 110032)
ENTER: naive_prime (call #5)
EXIT: naive_prime (cycles this call: 107504)
ENTER: naive_prime (call #6)
EXIT: naive_prime (cycles this call: 161222)
ENTER: naive_prime (call #7)
EXIT: naive_prime (cycles this call: 425866)
ENTER: naive_prime (call #8)
EXIT: naive_prime (cycles this call: 32448)
ENTER: naive_prime (call #9)
EXIT: naive_prime (cycles this call: 9662)
ENTER: less_naive_prime (call #1)
EXIT: less_naive_prime (cycles this call: 1577252)
ENTER: less_naive_prime (call #2)
EXIT: less_naive_prime (cycles this call: 36856)
ENTER: less_naive_prime (call #3)
EXIT: less_naive_prime (cycles this call: 3453150)
ENTER: less_naive_prime (call #4)
EXIT: less_naive_prime (cycles this call: 2714274)
ENTER: less_naive_prime (call #5)
EXIT: less_naive_prime (cycles this call: 19004)
ENTER: less_naive_prime (call #6)
EXIT: less_naive_prime (cycles this call: 17112)
ENTER: less_naive_prime (call #7)
EXIT: less_naive_prime (cycles this call: 14348)
ENTER: less_naive_prime (call #8)
EXIT: less_naive_prime (cycles this call: 11056)
ENTER: less_naive_prime (call #9)
EXIT: less_naive_prime (cycles this call: 278852)
ENTER: naive_prime_squares (call #1)
EXIT: naive_prime_squares (cycles this call: 1280198)
ENTER: naive_prime_squares (call #2)
EXIT: naive_prime_squares (cycles this call: 28328)
ENTER: naive_prime_squares (call #3)
EXIT: naive_prime_squares (cycles this call: 2374914)
ENTER: naive_prime_squares (call #4)
EXIT: naive_prime_squares (cycles this call: 24958)
ENTER: naive_prime_squares (call #5)
EXIT: naive_prime_squares (cycles this call: 28650)
ENTER: naive_prime_squares (call #6)
EXIT: naive_prime_squares (cycles this call: 34964)
ENTER: naive_prime_squares (call #7)
EXIT: naive_prime_squares (cycles this call: 590392)
ENTER: naive_prime_squares (call #8)
EXIT: naive_prime_squares (cycles this call: 17610)
ENTER: naive_prime_squares (call #9)
EXIT: naive_prime_squares (cycles this call: 11720)
ENTER: naive_prime (call #10)
EXIT: naive_prime (cycles this call: 306358)
ENTER: naive_prime (call #11)
EXIT: naive_prime (cycles this call: 522962)
ENTER: naive_prime (call #12)
EXIT: naive_prime (cycles this call: 1063012)
ENTER: naive_prime (call #13)
EXIT: naive_prime (cycles this call: 2137468)
ENTER: naive_prime (call #14)
EXIT: naive_prime (cycles this call: 2463570)
ENTER: naive_prime (call #15)
EXIT: naive_prime (cycles this call: 3869328)
ENTER: naive_prime (call #16)
EXIT: naive_prime (cycles this call: 10972)
ENTER: naive_prime (call #17)
EXIT: naive_prime (cycles this call: 20002)
ENTER: naive_prime (call #18)
EXIT: naive_prime (cycles this call: 10924)
ENTER: less_naive_prime (call #10)
EXIT: less_naive_prime (cycles this call: 34006)
ENTER: less_naive_prime (call #11)
EXIT: less_naive_prime (cycles this call: 19396)
ENTER: less_naive_prime (call #12)
EXIT: less_naive_prime (cycles this call: 24604)
ENTER: less_naive_prime (call #13)
EXIT: less_naive_prime (cycles this call: 28452)
ENTER: less_naive_prime (call #14)
EXIT: less_naive_prime (cycles this call: 31310)
ENTER: less_naive_prime (call #15)
EXIT: less_naive_prime (cycles this call: 33438)
ENTER: less_naive_prime (call #16)
EXIT: less_naive_prime (cycles this call: 9830)
ENTER: less_naive_prime (call #17)
EXIT: less_naive_prime (cycles this call: 16164)
ENTER: less_naive_prime (call #18)
EXIT: less_naive_prime (cycles this call: 10950)
ENTER: naive_prime_squares (call #10)
EXIT: naive_prime_squares (cycles this call: 66042)
ENTER: naive_prime_squares (call #11)
EXIT: naive_prime_squares (cycles this call: 56630)
ENTER: naive_prime_squares (call #12)
EXIT: naive_prime_squares (cycles this call: 77198)
ENTER: naive_prime_squares (call #13)
EXIT: naive_prime_squares (cycles this call: 103538)
ENTER: naive_prime_squares (call #14)
EXIT: naive_prime_squares (cycles this call: 112386)
ENTER: naive_prime_squares (call #15)
EXIT: naive_prime_squares (cycles this call: 123566)
ENTER: naive_prime_squares (call #16)
EXIT: naive_prime_squares (cycles this call: 12320)
ENTER: naive_prime_squares (call #17)
EXIT: naive_prime_squares (cycles this call: 51804)
ENTER: naive_prime_squares (call #18)
EXIT: naive_prime_squares (cycles this call: 14224)
ENTER: naive_prime (call #19)
EXIT: naive_prime (cycles this call: 5263532)
ENTER: naive_prime (call #20)
EXIT: naive_prime (cycles this call: 10907940)
ENTER: naive_prime (call #21)
EXIT: naive_prime (cycles this call: 1587046840)
ENTER: naive_prime (call #22)
EXIT: naive_prime (cycles this call: 20956526)
ENTER: naive_prime (call #23)
EXIT: naive_prime (cycles this call: 26334106)
ENTER: naive_prime (call #24)
EXIT: naive_prime (cycles this call: 31660616)
ENTER: naive_prime (call #25)
EXIT: naive_prime (cycles this call: 13388)
ENTER: naive_prime (call #26)
EXIT: naive_prime (cycles this call: 13110)
ENTER: naive_prime (call #27)
EXIT: naive_prime (cycles this call: 10580)
ENTER: less_naive_prime (call #19)
EXIT: less_naive_prime (cycles this call: 88064)
ENTER: less_naive_prime (call #20)
EXIT: less_naive_prime (cycles this call: 50082)
ENTER: less_naive_prime (call #21)
EXIT: less_naive_prime (cycles this call: 497958)
ENTER: less_naive_prime (call #22)
EXIT: less_naive_prime (cycles this call: 66320)
ENTER: less_naive_prime (call #23)
EXIT: less_naive_prime (cycles this call: 180976)
ENTER: less_naive_prime (call #24)
EXIT: less_naive_prime (cycles this call: 123144)
ENTER: less_naive_prime (call #25)
EXIT: less_naive_prime (cycles this call: 11828)
ENTER: less_naive_prime (call #26)
EXIT: less_naive_prime (cycles this call: 14174)
ENTER: less_naive_prime (call #27)
EXIT: less_naive_prime (cycles this call: 11194)
ENTER: naive_prime_squares (call #19)
EXIT: naive_prime_squares (cycles this call: 187640)
ENTER: naive_prime_squares (call #20)
EXIT: naive_prime_squares (cycles this call: 222786)
ENTER: naive_prime_squares (call #21)
EXIT: naive_prime_squares (cycles this call: 2732104)
ENTER: naive_prime_squares (call #22)
EXIT: naive_prime_squares (cycles this call: 317584)
ENTER: naive_prime_squares (call #23)
EXIT: naive_prime_squares (cycles this call: 368626)
ENTER: naive_prime_squares (call #24)
EXIT: naive_prime_squares (cycles this call: 386748)
ENTER: naive_prime_squares (call #25)
EXIT: naive_prime_squares (cycles this call: 14708)
ENTER: naive_prime_squares (call #26)
EXIT: naive_prime_squares (cycles this call: 18482)
ENTER: naive_prime_squares (call #27)
EXIT: naive_prime_squares (cycles this call: 19402)

========== COMPREHENSIVE PROFILING RESULTS ==========
Function            Calls     Instructions   Mem Reads   Mem Writes  Branches  Total Cycles   Avg Cyc/Call   
-------------------------------------------------------------------------------------------------------------------
less_naive_prime    27        8202           2668        421         1227      9373794        347177         
naive_prime         27        15996294       7998093     1599669     3199275   1696976048     62850964       
naive_prime_squares 27        23695          10723       2195        4327      9277522        343611         

========== CSV DATA ==========
function,calls,instructions,mem_reads,mem_writes,branches,total_cycles,avg_cycles_per_call
less_naive_prime,27,8202,2668,421,1227,9373794,347177
naive_prime,27,15996294,7998093,1599669,3199275,1696976048,62850964
naive_prime_squares,27,23695,10723,2195,4327,9277522,343611
