Dynamic Prime Algorithm Profiler
=================================
Main executable: /home/espadon/src/PrimeProfiler/build/opt2/main
ENV: naive_prime at 0x4014b8 - 0x401500 (size: 0x48)
ENV: naive_prime_squares at 0x401500 - 0x40154b (size: 0x4b)
ENV: less_naive_prime at 0x40154b - 0x4015fc (size: 0xb1)
Address ranges configured with exact sizes!
Dynamic address configuration completed!
ENTER: naive_prime (call #1)
EXIT: naive_prime (cycles this call: 1574942)
ENTER: naive_prime (call #2)
EXIT: naive_prime (cycles this call: 2069562)
ENTER: naive_prime (call #3)
EXIT: naive_prime (cycles this call: 21848)
ENTER: naive_prime (call #4)
EXIT: naive_prime (cycles this call: 83814)
ENTER: naive_prime (call #5)
EXIT: naive_prime (cycles this call: 108688)
ENTER: naive_prime (call #6)
EXIT: naive_prime (cycles this call: 161114)
ENTER: naive_prime (call #7)
EXIT: naive_prime (cycles this call: 510976)
ENTER: naive_prime (call #8)
EXIT: naive_prime (cycles this call: 28530)
ENTER: naive_prime (call #9)
EXIT: naive_prime (cycles this call: 9592)
ENTER: less_naive_prime (call #1)
EXIT: less_naive_prime (cycles this call: 1597258)
ENTER: less_naive_prime (call #2)
EXIT: less_naive_prime (cycles this call: 35298)
ENTER: less_naive_prime (call #3)
EXIT: less_naive_prime (cycles this call: 3899446)
ENTER: less_naive_prime (call #4)
EXIT: less_naive_prime (cycles this call: 2865446)
ENTER: less_naive_prime (call #5)
EXIT: less_naive_prime (cycles this call: 24858)
ENTER: less_naive_prime (call #6)
EXIT: less_naive_prime (cycles this call: 17150)
ENTER: less_naive_prime (call #7)
EXIT: less_naive_prime (cycles this call: 13894)
ENTER: less_naive_prime (call #8)
EXIT: less_naive_prime (cycles this call: 11400)
ENTER: less_naive_prime (call #9)
EXIT: less_naive_prime (cycles this call: 338348)
ENTER: naive_prime_squares (call #1)
EXIT: naive_prime_squares (cycles this call: 3279558)
ENTER: naive_prime_squares (call #2)
EXIT: naive_prime_squares (cycles this call: 42490)
ENTER: naive_prime_squares (call #3)
EXIT: naive_prime_squares (cycles this call: 3068478)
ENTER: naive_prime_squares (call #4)
EXIT: naive_prime_squares (cycles this call: 34666)
ENTER: naive_prime_squares (call #5)
EXIT: naive_prime_squares (cycles this call: 27242)
ENTER: naive_prime_squares (call #6)
EXIT: naive_prime_squares (cycles this call: 33002)
ENTER: naive_prime_squares (call #7)
EXIT: naive_prime_squares (cycles this call: 561706)
ENTER: naive_prime_squares (call #8)
EXIT: naive_prime_squares (cycles this call: 14830)
ENTER: naive_prime_squares (call #9)
EXIT: naive_prime_squares (cycles this call: 11478)
ENTER: naive_prime (call #10)
EXIT: naive_prime (cycles this call: 261866)
ENTER: naive_prime (call #11)
EXIT: naive_prime (cycles this call: 517502)
ENTER: naive_prime (call #12)
EXIT: naive_prime (cycles this call: 963174)
ENTER: naive_prime (call #13)
EXIT: naive_prime (cycles this call: 1994564)
ENTER: naive_prime (call #14)
EXIT: naive_prime (cycles this call: 2350910)
ENTER: naive_prime (call #15)
EXIT: naive_prime (cycles this call: 2960518)
ENTER: naive_prime (call #16)
EXIT: naive_prime (cycles this call: 11494)
ENTER: naive_prime (call #17)
EXIT: naive_prime (cycles this call: 18452)
ENTER: naive_prime (call #18)
EXIT: naive_prime (cycles this call: 10814)
ENTER: less_naive_prime (call #10)
EXIT: less_naive_prime (cycles this call: 40850)
ENTER: less_naive_prime (call #11)
EXIT: less_naive_prime (cycles this call: 20594)
ENTER: less_naive_prime (call #12)
EXIT: less_naive_prime (cycles this call: 30560)
ENTER: less_naive_prime (call #13)
EXIT: less_naive_prime (cycles this call: 30074)
ENTER: less_naive_prime (call #14)
EXIT: less_naive_prime (cycles this call: 32394)
ENTER: less_naive_prime (call #15)
EXIT: less_naive_prime (cycles this call: 85050)
ENTER: less_naive_prime (call #16)
EXIT: less_naive_prime (cycles this call: 11194)
ENTER: less_naive_prime (call #17)
EXIT: less_naive_prime (cycles this call: 16782)
ENTER: less_naive_prime (call #18)
EXIT: less_naive_prime (cycles this call: 11360)
ENTER: naive_prime_squares (call #10)
EXIT: naive_prime_squares (cycles this call: 75182)
ENTER: naive_prime_squares (call #11)
EXIT: naive_prime_squares (cycles this call: 55194)
ENTER: naive_prime_squares (call #12)
EXIT: naive_prime_squares (cycles this call: 71366)
ENTER: naive_prime_squares (call #13)
EXIT: naive_prime_squares (cycles this call: 97514)
ENTER: naive_prime_squares (call #14)
EXIT: naive_prime_squares (cycles this call: 112186)
ENTER: naive_prime_squares (call #15)
EXIT: naive_prime_squares (cycles this call: 121642)
ENTER: naive_prime_squares (call #16)
EXIT: naive_prime_squares (cycles this call: 12086)
ENTER: naive_prime_squares (call #17)
EXIT: naive_prime_squares (cycles this call: 31552)
ENTER: naive_prime_squares (call #18)
EXIT: naive_prime_squares (cycles this call: 14280)
ENTER: naive_prime (call #19)
EXIT: naive_prime (cycles this call: 5702822)
ENTER: naive_prime (call #20)
EXIT: naive_prime (cycles this call: 10395236)
ENTER: naive_prime (call #21)
EXIT: naive_prime (cycles this call: 1593227112)
ENTER: naive_prime (call #22)
EXIT: naive_prime (cycles this call: 21838462)
ENTER: naive_prime (call #23)
EXIT: naive_prime (cycles this call: 25197488)
ENTER: naive_prime (call #24)
EXIT: naive_prime (cycles this call: 30765164)
ENTER: naive_prime (call #25)
EXIT: naive_prime (cycles this call: 11938)
ENTER: naive_prime (call #26)
EXIT: naive_prime (cycles this call: 12542)
ENTER: naive_prime (call #27)
EXIT: naive_prime (cycles this call: 10482)
ENTER: less_naive_prime (call #19)
EXIT: less_naive_prime (cycles this call: 76024)
ENTER: less_naive_prime (call #20)
EXIT: less_naive_prime (cycles this call: 50216)
ENTER: less_naive_prime (call #21)
EXIT: less_naive_prime (cycles this call: 554890)
ENTER: less_naive_prime (call #22)
EXIT: less_naive_prime (cycles this call: 68358)
ENTER: less_naive_prime (call #23)
EXIT: less_naive_prime (cycles this call: 73822)
ENTER: less_naive_prime (call #24)
EXIT: less_naive_prime (cycles this call: 80820)
ENTER: less_naive_prime (call #25)
EXIT: less_naive_prime (cycles this call: 11096)
ENTER: less_naive_prime (call #26)
EXIT: less_naive_prime (cycles this call: 19940)
ENTER: less_naive_prime (call #27)
EXIT: less_naive_prime (cycles this call: 11066)
ENTER: naive_prime_squares (call #19)
EXIT: naive_prime_squares (cycles this call: 175186)
ENTER: naive_prime_squares (call #20)
EXIT: naive_prime_squares (cycles this call: 228412)
ENTER: naive_prime_squares (call #21)
EXIT: naive_prime_squares (cycles this call: 2879724)
ENTER: naive_prime_squares (call #22)
EXIT: naive_prime_squares (cycles this call: 383736)
ENTER: naive_prime_squares (call #23)
EXIT: naive_prime_squares (cycles this call: 331148)
ENTER: naive_prime_squares (call #24)
EXIT: naive_prime_squares (cycles this call: 371772)
ENTER: naive_prime_squares (call #25)
EXIT: naive_prime_squares (cycles this call: 14398)
ENTER: naive_prime_squares (call #26)
EXIT: naive_prime_squares (cycles this call: 18118)
ENTER: naive_prime_squares (call #27)
EXIT: naive_prime_squares (cycles this call: 20484)

========== COMPREHENSIVE PROFILING RESULTS ==========
Function            Calls     Instructions   Mem Reads   Mem Writes  Branches  Total Cycles   Avg Cyc/Call   
-------------------------------------------------------------------------------------------------------------------
less_naive_prime    27        8202           2668        421         1227      10028188       371414         
naive_prime         27        15996294       7998093     1599669     3199275   1700819606     62993318       
naive_prime_squares 27        23695          10723       2195        4327      12087430       447682         

========== CSV DATA ==========
function,calls,instructions,mem_reads,mem_writes,branches,total_cycles,avg_cycles_per_call
less_naive_prime,27,8202,2668,421,1227,10028188,371414
naive_prime,27,15996294,7998093,1599669,3199275,1700819606,62993318
naive_prime_squares,27,23695,10723,2195,4327,12087430,447682
