Comprehensive Prime Algorithm Profiler
=====================================
Main executable: /home/espadon/src/PrimeProfiler/build/opt2/main
No symbols found, using hardcoded addresses from nm...
naive_prime: 0x4014b8 - 0x401500
less_naive_prime: 0x40154b - 0x4015fc
naive_prime_squares: 0x401500 - 0x40154b
ENTER: naive_prime (call #1)
EXIT: naive_prime (cycles this call: 1438792)
ENTER: naive_prime (call #2)
EXIT: naive_prime (cycles this call: 2049392)
ENTER: naive_prime (call #3)
EXIT: naive_prime (cycles this call: 22234)
ENTER: naive_prime (call #4)
EXIT: naive_prime (cycles this call: 65310)
ENTER: naive_prime (call #5)
EXIT: naive_prime (cycles this call: 103160)
ENTER: naive_prime (call #6)
EXIT: naive_prime (cycles this call: 209574)
ENTER: naive_prime (call #7)
EXIT: naive_prime (cycles this call: 496864)
ENTER: naive_prime (call #8)
EXIT: naive_prime (cycles this call: 29790)
ENTER: naive_prime (call #9)
EXIT: naive_prime (cycles this call: 9754)
ENTER: less_naive_prime (call #1)
EXIT: less_naive_prime (cycles this call: 1570320)
ENTER: less_naive_prime (call #2)
EXIT: less_naive_prime (cycles this call: 37334)
ENTER: less_naive_prime (call #3)
EXIT: less_naive_prime (cycles this call: 3507172)
ENTER: less_naive_prime (call #4)
EXIT: less_naive_prime (cycles this call: 2855742)
ENTER: less_naive_prime (call #5)
EXIT: less_naive_prime (cycles this call: 19452)
ENTER: less_naive_prime (call #6)
EXIT: less_naive_prime (cycles this call: 17538)
ENTER: less_naive_prime (call #7)
EXIT: less_naive_prime (cycles this call: 14014)
ENTER: less_naive_prime (call #8)
EXIT: less_naive_prime (cycles this call: 11120)
ENTER: less_naive_prime (call #9)
EXIT: less_naive_prime (cycles this call: 297692)
ENTER: naive_prime_squares (call #1)
EXIT: naive_prime_squares (cycles this call: 1285096)
ENTER: naive_prime_squares (call #2)
EXIT: naive_prime_squares (cycles this call: 29526)
ENTER: naive_prime_squares (call #3)
EXIT: naive_prime_squares (cycles this call: 2822324)
ENTER: naive_prime_squares (call #4)
EXIT: naive_prime_squares (cycles this call: 25582)
ENTER: naive_prime_squares (call #5)
EXIT: naive_prime_squares (cycles this call: 27292)
ENTER: naive_prime_squares (call #6)
EXIT: naive_prime_squares (cycles this call: 33076)
ENTER: naive_prime_squares (call #7)
EXIT: naive_prime_squares (cycles this call: 452508)
ENTER: naive_prime_squares (call #8)
EXIT: naive_prime_squares (cycles this call: 26114)
ENTER: naive_prime_squares (call #9)
EXIT: naive_prime_squares (cycles this call: 11744)
ENTER: naive_prime (call #10)
EXIT: naive_prime (cycles this call: 297866)
ENTER: naive_prime (call #11)
EXIT: naive_prime (cycles this call: 549538)
ENTER: naive_prime (call #12)
EXIT: naive_prime (cycles this call: 1020750)
ENTER: naive_prime (call #13)
EXIT: naive_prime (cycles this call: 2011866)
ENTER: naive_prime (call #14)
EXIT: naive_prime (cycles this call: 2417800)
ENTER: naive_prime (call #15)
EXIT: naive_prime (cycles this call: 3421408)
ENTER: naive_prime (call #16)
EXIT: naive_prime (cycles this call: 18282)
ENTER: naive_prime (call #17)
EXIT: naive_prime (cycles this call: 19072)
ENTER: naive_prime (call #18)
EXIT: naive_prime (cycles this call: 10746)
ENTER: less_naive_prime (call #10)
EXIT: less_naive_prime (cycles this call: 37822)
ENTER: less_naive_prime (call #11)
EXIT: less_naive_prime (cycles this call: 19742)
ENTER: less_naive_prime (call #12)
EXIT: less_naive_prime (cycles this call: 24378)
ENTER: less_naive_prime (call #13)
EXIT: less_naive_prime (cycles this call: 29072)
ENTER: less_naive_prime (call #14)
EXIT: less_naive_prime (cycles this call: 31012)
ENTER: less_naive_prime (call #15)
EXIT: less_naive_prime (cycles this call: 33884)
ENTER: less_naive_prime (call #16)
EXIT: less_naive_prime (cycles this call: 10620)
ENTER: less_naive_prime (call #17)
EXIT: less_naive_prime (cycles this call: 16334)
ENTER: less_naive_prime (call #18)
EXIT: less_naive_prime (cycles this call: 15524)
ENTER: naive_prime_squares (call #10)
EXIT: naive_prime_squares (cycles this call: 91518)
ENTER: naive_prime_squares (call #11)
EXIT: naive_prime_squares (cycles this call: 64712)
ENTER: naive_prime_squares (call #12)
EXIT: naive_prime_squares (cycles this call: 71892)
ENTER: naive_prime_squares (call #13)
EXIT: naive_prime_squares (cycles this call: 109872)
ENTER: naive_prime_squares (call #14)
EXIT: naive_prime_squares (cycles this call: 107394)
ENTER: naive_prime_squares (call #15)
EXIT: naive_prime_squares (cycles this call: 120874)
ENTER: naive_prime_squares (call #16)
EXIT: naive_prime_squares (cycles this call: 12060)
ENTER: naive_prime_squares (call #17)
EXIT: naive_prime_squares (cycles this call: 30628)
ENTER: naive_prime_squares (call #18)
EXIT: naive_prime_squares (cycles this call: 14046)
ENTER: naive_prime (call #19)
EXIT: naive_prime (cycles this call: 5691026)
ENTER: naive_prime (call #20)
EXIT: naive_prime (cycles this call: 10064616)
ENTER: naive_prime (call #21)
EXIT: naive_prime (cycles this call: 1575251236)
ENTER: naive_prime (call #22)
EXIT: naive_prime (cycles this call: 26610498)
ENTER: naive_prime (call #23)
EXIT: naive_prime (cycles this call: 25933536)
ENTER: naive_prime (call #24)
EXIT: naive_prime (cycles this call: 30822052)
ENTER: naive_prime (call #25)
EXIT: naive_prime (cycles this call: 14726)
ENTER: naive_prime (call #26)
EXIT: naive_prime (cycles this call: 12470)
ENTER: naive_prime (call #27)
EXIT: naive_prime (cycles this call: 10364)
ENTER: less_naive_prime (call #19)
EXIT: less_naive_prime (cycles this call: 107876)
ENTER: less_naive_prime (call #20)
EXIT: less_naive_prime (cycles this call: 57078)
ENTER: less_naive_prime (call #21)
EXIT: less_naive_prime (cycles this call: 492428)
ENTER: less_naive_prime (call #22)
EXIT: less_naive_prime (cycles this call: 66268)
ENTER: less_naive_prime (call #23)
EXIT: less_naive_prime (cycles this call: 73074)
ENTER: less_naive_prime (call #24)
EXIT: less_naive_prime (cycles this call: 80544)
ENTER: less_naive_prime (call #25)
EXIT: less_naive_prime (cycles this call: 10960)
ENTER: less_naive_prime (call #26)
EXIT: less_naive_prime (cycles this call: 13920)
ENTER: less_naive_prime (call #27)
EXIT: less_naive_prime (cycles this call: 11110)
ENTER: naive_prime_squares (call #19)
EXIT: naive_prime_squares (cycles this call: 175130)
ENTER: naive_prime_squares (call #20)
EXIT: naive_prime_squares (cycles this call: 259838)
ENTER: naive_prime_squares (call #21)
EXIT: naive_prime_squares (cycles this call: 2871866)
ENTER: naive_prime_squares (call #22)
EXIT: naive_prime_squares (cycles this call: 298682)
ENTER: naive_prime_squares (call #23)
EXIT: naive_prime_squares (cycles this call: 340228)
ENTER: naive_prime_squares (call #24)
EXIT: naive_prime_squares (cycles this call: 366766)
ENTER: naive_prime_squares (call #25)
EXIT: naive_prime_squares (cycles this call: 14128)
ENTER: naive_prime_squares (call #26)
EXIT: naive_prime_squares (cycles this call: 17830)
ENTER: naive_prime_squares (call #27)
EXIT: naive_prime_squares (cycles this call: 15302)

========== COMPREHENSIVE PROFILING RESULTS ==========
Function            Calls     Instructions   Mem Reads   Mem Writes  Branches  Total Cycles   Avg Cyc/Call   
-------------------------------------------------------------------------------------------------------------------
less_naive_prime    27        8202           2668        421         1227      9462030        350445         
naive_prime         27        15996294       7998093     1599669     3199275   1688602722     62540841       
naive_prime_squares 27        23695          10723       2195        4327      9696028        359112         

========== CSV DATA ==========
function,calls,instructions,mem_reads,mem_writes,branches,total_cycles,avg_cycles_per_call
less_naive_prime,27,8202,2668,421,1227,9462030,350445
naive_prime,27,15996294,7998093,1599669,3199275,1688602722,62540841
naive_prime_squares,27,23695,10723,2195,4327,9696028,359112
