Comprehensive Prime Algorithm Profiler
=====================================
Main executable: /home/espadon/src/PrimeProfiler/build/opt3/main
No symbols found, using hardcoded addresses from nm...
naive_prime: 0x4014b8 - 0x401500
less_naive_prime: 0x40154b - 0x4015fc
naive_prime_squares: 0x401500 - 0x40154b
ENTER: naive_prime (call #1)
EXIT: naive_prime (cycles this call: 1946814)
ENTER: naive_prime (call #2)
EXIT: naive_prime (cycles this call: 3418074)
ENTER: naive_prime (call #3)
EXIT: naive_prime (cycles this call: 30306)
ENTER: naive_prime (call #4)
EXIT: naive_prime (cycles this call: 193982)
ENTER: naive_prime (call #5)
EXIT: naive_prime (cycles this call: 157376)
ENTER: naive_prime (call #6)
EXIT: naive_prime (cycles this call: 239958)
ENTER: naive_prime (call #7)
EXIT: naive_prime (cycles this call: 915122)
ENTER: naive_prime (call #8)
EXIT: naive_prime (cycles this call: 69000)
ENTER: naive_prime (call #9)
EXIT: naive_prime (cycles this call: 12814)
ENTER: less_naive_prime (call #1)
EXIT: less_naive_prime (cycles this call: 2432820)
ENTER: less_naive_prime (call #2)
EXIT: less_naive_prime (cycles this call: 77208)
ENTER: less_naive_prime (call #3)
EXIT: less_naive_prime (cycles this call: 5064200)
ENTER: less_naive_prime (call #4)
EXIT: less_naive_prime (cycles this call: 4794042)
ENTER: less_naive_prime (call #5)
EXIT: less_naive_prime (cycles this call: 29278)
ENTER: less_naive_prime (call #6)
EXIT: less_naive_prime (cycles this call: 26710)
ENTER: less_naive_prime (call #7)
EXIT: less_naive_prime (cycles this call: 20786)
ENTER: less_naive_prime (call #8)
EXIT: less_naive_prime (cycles this call: 17696)
ENTER: less_naive_prime (call #9)
EXIT: less_naive_prime (cycles this call: 537632)
ENTER: naive_prime_squares (call #1)
EXIT: naive_prime_squares (cycles this call: 1852182)
ENTER: naive_prime_squares (call #2)
EXIT: naive_prime_squares (cycles this call: 59764)
ENTER: naive_prime_squares (call #3)
EXIT: naive_prime_squares (cycles this call: 3162072)
ENTER: naive_prime_squares (call #4)
EXIT: naive_prime_squares (cycles this call: 38560)
ENTER: naive_prime_squares (call #5)
EXIT: naive_prime_squares (cycles this call: 43236)
ENTER: naive_prime_squares (call #6)
EXIT: naive_prime_squares (cycles this call: 50480)
ENTER: naive_prime_squares (call #7)
EXIT: naive_prime_squares (cycles this call: 695360)
ENTER: naive_prime_squares (call #8)
EXIT: naive_prime_squares (cycles this call: 25838)
ENTER: naive_prime_squares (call #9)
EXIT: naive_prime_squares (cycles this call: 17960)
ENTER: naive_prime (call #10)
EXIT: naive_prime (cycles this call: 530252)
ENTER: naive_prime (call #11)
EXIT: naive_prime (cycles this call: 688990)
ENTER: naive_prime (call #12)
EXIT: naive_prime (cycles this call: 1449126)
ENTER: naive_prime (call #13)
EXIT: naive_prime (cycles this call: 2874242)
ENTER: naive_prime (call #14)
EXIT: naive_prime (cycles this call: 3283944)
ENTER: naive_prime (call #15)
EXIT: naive_prime (cycles this call: 4149238)
ENTER: naive_prime (call #16)
EXIT: naive_prime (cycles this call: 17292)
ENTER: naive_prime (call #17)
EXIT: naive_prime (cycles this call: 29578)
ENTER: naive_prime (call #18)
EXIT: naive_prime (cycles this call: 17352)
ENTER: less_naive_prime (call #10)
EXIT: less_naive_prime (cycles this call: 74644)
ENTER: less_naive_prime (call #11)
EXIT: less_naive_prime (cycles this call: 28882)
ENTER: less_naive_prime (call #12)
EXIT: less_naive_prime (cycles this call: 36012)
ENTER: less_naive_prime (call #13)
EXIT: less_naive_prime (cycles this call: 38744)
ENTER: less_naive_prime (call #14)
EXIT: less_naive_prime (cycles this call: 49110)
ENTER: less_naive_prime (call #15)
EXIT: less_naive_prime (cycles this call: 53696)
ENTER: less_naive_prime (call #16)
EXIT: less_naive_prime (cycles this call: 15258)
ENTER: less_naive_prime (call #17)
EXIT: less_naive_prime (cycles this call: 24680)
ENTER: less_naive_prime (call #18)
EXIT: less_naive_prime (cycles this call: 17304)
ENTER: naive_prime_squares (call #10)
EXIT: naive_prime_squares (cycles this call: 123452)
ENTER: naive_prime_squares (call #11)
EXIT: naive_prime_squares (cycles this call: 86856)
ENTER: naive_prime_squares (call #12)
EXIT: naive_prime_squares (cycles this call: 117400)
ENTER: naive_prime_squares (call #13)
EXIT: naive_prime_squares (cycles this call: 170248)
ENTER: naive_prime_squares (call #14)
EXIT: naive_prime_squares (cycles this call: 177854)
ENTER: naive_prime_squares (call #15)
EXIT: naive_prime_squares (cycles this call: 200212)
ENTER: naive_prime_squares (call #16)
EXIT: naive_prime_squares (cycles this call: 18518)
ENTER: naive_prime_squares (call #17)
EXIT: naive_prime_squares (cycles this call: 52658)
ENTER: naive_prime_squares (call #18)
EXIT: naive_prime_squares (cycles this call: 22738)
ENTER: naive_prime (call #19)
EXIT: naive_prime (cycles this call: 7496148)
ENTER: naive_prime (call #20)
EXIT: naive_prime (cycles this call: 12993532)
ENTER: naive_prime (call #21)
EXIT: naive_prime (cycles this call: 1778429886)
ENTER: naive_prime (call #22)
EXIT: naive_prime (cycles this call: 23202974)
ENTER: naive_prime (call #23)
EXIT: naive_prime (cycles this call: 26962136)
ENTER: naive_prime (call #24)
EXIT: naive_prime (cycles this call: 30218572)
ENTER: naive_prime (call #25)
EXIT: naive_prime (cycles this call: 12592)
ENTER: naive_prime (call #26)
EXIT: naive_prime (cycles this call: 12474)
ENTER: naive_prime (call #27)
EXIT: naive_prime (cycles this call: 10362)
ENTER: less_naive_prime (call #19)
EXIT: less_naive_prime (cycles this call: 97188)
ENTER: less_naive_prime (call #20)
EXIT: less_naive_prime (cycles this call: 50594)
ENTER: less_naive_prime (call #21)
EXIT: less_naive_prime (cycles this call: 563240)
ENTER: less_naive_prime (call #22)
EXIT: less_naive_prime (cycles this call: 74572)
ENTER: less_naive_prime (call #23)
EXIT: less_naive_prime (cycles this call: 78978)
ENTER: less_naive_prime (call #24)
EXIT: less_naive_prime (cycles this call: 95866)
ENTER: less_naive_prime (call #25)
EXIT: less_naive_prime (cycles this call: 31886)
ENTER: less_naive_prime (call #26)
EXIT: less_naive_prime (cycles this call: 14752)
ENTER: less_naive_prime (call #27)
EXIT: less_naive_prime (cycles this call: 11322)
ENTER: naive_prime_squares (call #19)
EXIT: naive_prime_squares (cycles this call: 198196)
ENTER: naive_prime_squares (call #20)
EXIT: naive_prime_squares (cycles this call: 210664)
ENTER: naive_prime_squares (call #21)
EXIT: naive_prime_squares (cycles this call: 2631246)
ENTER: naive_prime_squares (call #22)
EXIT: naive_prime_squares (cycles this call: 305898)
ENTER: naive_prime_squares (call #23)
EXIT: naive_prime_squares (cycles this call: 339772)
ENTER: naive_prime_squares (call #24)
EXIT: naive_prime_squares (cycles this call: 389112)
ENTER: naive_prime_squares (call #25)
EXIT: naive_prime_squares (cycles this call: 14226)
ENTER: naive_prime_squares (call #26)
EXIT: naive_prime_squares (cycles this call: 20674)
ENTER: naive_prime_squares (call #27)
EXIT: naive_prime_squares (cycles this call: 14494)

========== COMPREHENSIVE PROFILING RESULTS ==========
Function            Calls     Instructions   Mem Reads   Mem Writes  Branches  Total Cycles   Avg Cyc/Call   
-------------------------------------------------------------------------------------------------------------------
less_naive_prime    27        8202           2668        421         1227      14357100       531744         
naive_prime         27        15996294       7998093     1599669     3199275   1899362136     70346745       
naive_prime_squares 27        23695          10723       2195        4327      11039670       408876         

========== CSV DATA ==========
function,calls,instructions,mem_reads,mem_writes,branches,total_cycles,avg_cycles_per_call
less_naive_prime,27,8202,2668,421,1227,14357100,531744
naive_prime,27,15996294,7998093,1599669,3199275,1899362136,70346745
naive_prime_squares,27,23695,10723,2195,4327,11039670,408876
