Dynamic Prime Algorithm Profiler
=================================
Main executable: /home/espadon/src/PrimeProfiler/build/opt3/main
ENV: naive_prime at 0x401460 - 0x4014a3 (size: 0x43)
ENV: naive_prime_squares at 0x4014b0 - 0x4014f3 (size: 0x43)
ENV: less_naive_prime at 0x401500 - 0x401593 (size: 0x93)
Address ranges configured with exact sizes!
Dynamic address configuration completed!
ENTER: naive_prime (call #1)
EXIT: naive_prime (cycles this call: 525306)
ENTER: naive_prime (call #2)
EXIT: naive_prime (cycles this call: 1067096)
ENTER: naive_prime (call #3)
EXIT: naive_prime (cycles this call: 1125810)
ENTER: naive_prime (call #4)
EXIT: naive_prime (cycles this call: 42562)
ENTER: naive_prime (call #5)
EXIT: naive_prime (cycles this call: 59098)
ENTER: naive_prime (call #6)
EXIT: naive_prime (cycles this call: 85192)
ENTER: naive_prime (call #7)
EXIT: naive_prime (cycles this call: 351402)
ENTER: naive_prime (call #8)
EXIT: naive_prime (cycles this call: 34562)
ENTER: naive_prime (call #9)
EXIT: naive_prime (cycles this call: 288090)
ENTER: less_naive_prime (call #1)
EXIT: less_naive_prime (cycles this call: 446532)
ENTER: less_naive_prime (call #2)
EXIT: less_naive_prime (cycles this call: 23226)
ENTER: less_naive_prime (call #3)
EXIT: less_naive_prime (cycles this call: 1392848)
ENTER: less_naive_prime (call #4)
EXIT: less_naive_prime (cycles this call: 1418406)
ENTER: less_naive_prime (call #5)
EXIT: less_naive_prime (cycles this call: 14696)
ENTER: less_naive_prime (call #6)
EXIT: less_naive_prime (cycles this call: 1609984)
ENTER: less_naive_prime (call #7)
EXIT: less_naive_prime (cycles this call: 12190)
ENTER: less_naive_prime (call #8)
EXIT: less_naive_prime (cycles this call: 12738)
ENTER: less_naive_prime (call #9)
EXIT: less_naive_prime (cycles this call: 9076)
ENTER: naive_prime_squares (call #1)
EXIT: naive_prime_squares (cycles this call: 438486)
ENTER: naive_prime_squares (call #2)
EXIT: naive_prime_squares (cycles this call: 20048)
ENTER: naive_prime_squares (call #3)
EXIT: naive_prime_squares (cycles this call: 2138492)
ENTER: naive_prime_squares (call #4)
EXIT: naive_prime_squares (cycles this call: 19362)
ENTER: naive_prime_squares (call #5)
EXIT: naive_prime_squares (cycles this call: 19804)
ENTER: naive_prime_squares (call #6)
EXIT: naive_prime_squares (cycles this call: 23084)
ENTER: naive_prime_squares (call #7)
EXIT: naive_prime_squares (cycles this call: 383876)
ENTER: naive_prime_squares (call #8)
EXIT: naive_prime_squares (cycles this call: 34690)
ENTER: naive_prime_squares (call #9)
EXIT: naive_prime_squares (cycles this call: 296396)
ENTER: naive_prime (call #10)
EXIT: naive_prime (cycles this call: 174296)
ENTER: naive_prime (call #11)
EXIT: naive_prime (cycles this call: 289750)
ENTER: naive_prime (call #12)
EXIT: naive_prime (cycles this call: 590450)
ENTER: naive_prime (call #13)
EXIT: naive_prime (cycles this call: 1597008)
ENTER: naive_prime (call #14)
EXIT: naive_prime (cycles this call: 1345036)
ENTER: naive_prime (call #15)
EXIT: naive_prime (cycles this call: 1754744)
ENTER: naive_prime (call #16)
EXIT: naive_prime (cycles this call: 8922)
ENTER: naive_prime (call #17)
EXIT: naive_prime (cycles this call: 13726)
ENTER: naive_prime (call #18)
EXIT: naive_prime (cycles this call: 8776)
ENTER: less_naive_prime (call #10)
EXIT: less_naive_prime (cycles this call: 33092)
ENTER: less_naive_prime (call #11)
EXIT: less_naive_prime (cycles this call: 14478)
ENTER: less_naive_prime (call #12)
EXIT: less_naive_prime (cycles this call: 17206)
ENTER: less_naive_prime (call #13)
EXIT: less_naive_prime (cycles this call: 19880)
ENTER: less_naive_prime (call #14)
EXIT: less_naive_prime (cycles this call: 21532)
ENTER: less_naive_prime (call #15)
EXIT: less_naive_prime (cycles this call: 23134)
ENTER: less_naive_prime (call #16)
EXIT: less_naive_prime (cycles this call: 9182)
ENTER: less_naive_prime (call #17)
EXIT: less_naive_prime (cycles this call: 397168)
ENTER: less_naive_prime (call #18)
EXIT: less_naive_prime (cycles this call: 10268)
ENTER: naive_prime_squares (call #10)
EXIT: naive_prime_squares (cycles this call: 41504)
ENTER: naive_prime_squares (call #11)
EXIT: naive_prime_squares (cycles this call: 37034)
ENTER: naive_prime_squares (call #12)
EXIT: naive_prime_squares (cycles this call: 49506)
ENTER: naive_prime_squares (call #13)
EXIT: naive_prime_squares (cycles this call: 64036)
ENTER: naive_prime_squares (call #14)
EXIT: naive_prime_squares (cycles this call: 72916)
ENTER: naive_prime_squares (call #15)
EXIT: naive_prime_squares (cycles this call: 77544)
ENTER: naive_prime_squares (call #16)
EXIT: naive_prime_squares (cycles this call: 9598)
ENTER: naive_prime_squares (call #17)
EXIT: naive_prime_squares (cycles this call: 21396)
ENTER: naive_prime_squares (call #18)
EXIT: naive_prime_squares (cycles this call: 10968)
ENTER: naive_prime (call #19)
EXIT: naive_prime (cycles this call: 3405560)
ENTER: naive_prime (call #20)
EXIT: naive_prime (cycles this call: 5728732)
ENTER: naive_prime (call #21)
EXIT: naive_prime (cycles this call: 871406788)
ENTER: naive_prime (call #22)
EXIT: naive_prime (cycles this call: 11484158)
ENTER: naive_prime (call #23)
EXIT: naive_prime (cycles this call: 14407036)
ENTER: naive_prime (call #24)
EXIT: naive_prime (cycles this call: 17571184)
ENTER: naive_prime (call #25)
EXIT: naive_prime (cycles this call: 10516)
ENTER: naive_prime (call #26)
EXIT: naive_prime (cycles this call: 10194)
ENTER: naive_prime (call #27)
EXIT: naive_prime (cycles this call: 8808)
ENTER: less_naive_prime (call #19)
EXIT: less_naive_prime (cycles this call: 82924)
ENTER: less_naive_prime (call #20)
EXIT: less_naive_prime (cycles this call: 34856)
ENTER: less_naive_prime (call #21)
EXIT: less_naive_prime (cycles this call: 404184)
ENTER: less_naive_prime (call #22)
EXIT: less_naive_prime (cycles this call: 44148)
ENTER: less_naive_prime (call #23)
EXIT: less_naive_prime (cycles this call: 47950)
ENTER: less_naive_prime (call #24)
EXIT: less_naive_prime (cycles this call: 51898)
ENTER: less_naive_prime (call #25)
EXIT: less_naive_prime (cycles this call: 8970)
ENTER: less_naive_prime (call #26)
EXIT: less_naive_prime (cycles this call: 10302)
ENTER: less_naive_prime (call #27)
EXIT: less_naive_prime (cycles this call: 9244)
ENTER: naive_prime_squares (call #19)
EXIT: naive_prime_squares (cycles this call: 113464)
ENTER: naive_prime_squares (call #20)
EXIT: naive_prime_squares (cycles this call: 180974)
ENTER: naive_prime_squares (call #21)
EXIT: naive_prime_squares (cycles this call: 1662364)
ENTER: naive_prime_squares (call #22)
EXIT: naive_prime_squares (cycles this call: 192880)
ENTER: naive_prime_squares (call #23)
EXIT: naive_prime_squares (cycles this call: 221178)
ENTER: naive_prime_squares (call #24)
EXIT: naive_prime_squares (cycles this call: 230910)
ENTER: naive_prime_squares (call #25)
EXIT: naive_prime_squares (cycles this call: 11366)
ENTER: naive_prime_squares (call #26)
EXIT: naive_prime_squares (cycles this call: 13574)
ENTER: naive_prime_squares (call #27)
EXIT: naive_prime_squares (cycles this call: 11980)

========== COMPREHENSIVE PROFILING RESULTS ==========
Function            Calls     Instructions   Mem Reads   Mem Writes  Branches  Total Cycles   Avg Cyc/Call   
-------------------------------------------------------------------------------------------------------------------
less_naive_prime    27        6333           27          0           1187      6180112        228893         
naive_prime         27        12796906       27          0           3199263   933394802      34570177       
naive_prime_squares 27        21343          27          0           4314      6397430        236941         

========== CSV DATA ==========
function,calls,instructions,mem_reads,mem_writes,branches,total_cycles,avg_cycles_per_call
less_naive_prime,27,6333,27,0,1187,6180112,228893
naive_prime,27,12796906,27,0,3199263,933394802,34570177
naive_prime_squares,27,21343,27,0,4314,6397430,236941
