Dynamic Prime Algorithm Profiler
=================================
Main executable: /home/espadon/src/PrimeProfiler/build/optfast/main
ENV: naive_prime at 0x401480 - 0x4014c3 (size: 0x43)
ENV: naive_prime_squares at 0x4014d0 - 0x401513 (size: 0x43)
ENV: less_naive_prime at 0x401520 - 0x4015b3 (size: 0x93)
Address ranges configured with exact sizes!
Dynamic address configuration completed!
ENTER: naive_prime (call #1)
EXIT: naive_prime (cycles this call: 1020566)
ENTER: naive_prime (call #2)
EXIT: naive_prime (cycles this call: 1083720)
ENTER: naive_prime (call #3)
EXIT: naive_prime (cycles this call: 1127016)
ENTER: naive_prime (call #4)
EXIT: naive_prime (cycles this call: 90256)
ENTER: naive_prime (call #5)
EXIT: naive_prime (cycles this call: 62078)
ENTER: naive_prime (call #6)
EXIT: naive_prime (cycles this call: 93258)
ENTER: naive_prime (call #7)
EXIT: naive_prime (cycles this call: 431834)
ENTER: naive_prime (call #8)
EXIT: naive_prime (cycles this call: 46584)
ENTER: naive_prime (call #9)
EXIT: naive_prime (cycles this call: 340432)
ENTER: less_naive_prime (call #1)
EXIT: less_naive_prime (cycles this call: 455486)
ENTER: less_naive_prime (call #2)
EXIT: less_naive_prime (cycles this call: 35094)
ENTER: less_naive_prime (call #3)
EXIT: less_naive_prime (cycles this call: 1421678)
ENTER: less_naive_prime (call #4)
EXIT: less_naive_prime (cycles this call: 1819600)
ENTER: less_naive_prime (call #5)
EXIT: less_naive_prime (cycles this call: 14466)
ENTER: less_naive_prime (call #6)
EXIT: less_naive_prime (cycles this call: 1470380)
ENTER: less_naive_prime (call #7)
EXIT: less_naive_prime (cycles this call: 11898)
ENTER: less_naive_prime (call #8)
EXIT: less_naive_prime (cycles this call: 9418)
ENTER: less_naive_prime (call #9)
EXIT: less_naive_prime (cycles this call: 9148)
ENTER: naive_prime_squares (call #1)
EXIT: naive_prime_squares (cycles this call: 360652)
ENTER: naive_prime_squares (call #2)
EXIT: naive_prime_squares (cycles this call: 44098)
ENTER: naive_prime_squares (call #3)
EXIT: naive_prime_squares (cycles this call: 2341426)
ENTER: naive_prime_squares (call #4)
EXIT: naive_prime_squares (cycles this call: 19352)
ENTER: naive_prime_squares (call #5)
EXIT: naive_prime_squares (cycles this call: 19596)
ENTER: naive_prime_squares (call #6)
EXIT: naive_prime_squares (cycles this call: 24052)
ENTER: naive_prime_squares (call #7)
EXIT: naive_prime_squares (cycles this call: 367126)
ENTER: naive_prime_squares (call #8)
EXIT: naive_prime_squares (cycles this call: 51154)
ENTER: naive_prime_squares (call #9)
EXIT: naive_prime_squares (cycles this call: 363454)
ENTER: naive_prime (call #10)
EXIT: naive_prime (cycles this call: 151392)
ENTER: naive_prime (call #11)
EXIT: naive_prime (cycles this call: 270146)
ENTER: naive_prime (call #12)
EXIT: naive_prime (cycles this call: 565082)
ENTER: naive_prime (call #13)
EXIT: naive_prime (cycles this call: 1117958)
ENTER: naive_prime (call #14)
EXIT: naive_prime (cycles this call: 1264976)
ENTER: naive_prime (call #15)
EXIT: naive_prime (cycles this call: 1769712)
ENTER: naive_prime (call #16)
EXIT: naive_prime (cycles this call: 9776)
ENTER: naive_prime (call #17)
EXIT: naive_prime (cycles this call: 14066)
ENTER: naive_prime (call #18)
EXIT: naive_prime (cycles this call: 8784)
ENTER: less_naive_prime (call #10)
EXIT: less_naive_prime (cycles this call: 29066)
ENTER: less_naive_prime (call #11)
EXIT: less_naive_prime (cycles this call: 465210)
ENTER: less_naive_prime (call #12)
EXIT: less_naive_prime (cycles this call: 17328)
ENTER: less_naive_prime (call #13)
EXIT: less_naive_prime (cycles this call: 20514)
ENTER: less_naive_prime (call #14)
EXIT: less_naive_prime (cycles this call: 21766)
ENTER: less_naive_prime (call #15)
EXIT: less_naive_prime (cycles this call: 23150)
ENTER: less_naive_prime (call #16)
EXIT: less_naive_prime (cycles this call: 8944)
ENTER: less_naive_prime (call #17)
EXIT: less_naive_prime (cycles this call: 450224)
ENTER: less_naive_prime (call #18)
EXIT: less_naive_prime (cycles this call: 11596)
ENTER: naive_prime_squares (call #10)
EXIT: naive_prime_squares (cycles this call: 41038)
ENTER: naive_prime_squares (call #11)
EXIT: naive_prime_squares (cycles this call: 37694)
ENTER: naive_prime_squares (call #12)
EXIT: naive_prime_squares (cycles this call: 47576)
ENTER: naive_prime_squares (call #13)
EXIT: naive_prime_squares (cycles this call: 67532)
ENTER: naive_prime_squares (call #14)
EXIT: naive_prime_squares (cycles this call: 69662)
ENTER: naive_prime_squares (call #15)
EXIT: naive_prime_squares (cycles this call: 76600)
ENTER: naive_prime_squares (call #16)
EXIT: naive_prime_squares (cycles this call: 9852)
ENTER: naive_prime_squares (call #17)
EXIT: naive_prime_squares (cycles this call: 22384)
ENTER: naive_prime_squares (call #18)
EXIT: naive_prime_squares (cycles this call: 21894)
ENTER: naive_prime (call #19)
EXIT: naive_prime (cycles this call: 2736408)
ENTER: naive_prime (call #20)
EXIT: naive_prime (cycles this call: 5728676)
ENTER: naive_prime (call #21)
EXIT: naive_prime (cycles this call: 870072184)
ENTER: naive_prime (call #22)
EXIT: naive_prime (cycles this call: 11764320)
ENTER: naive_prime (call #23)
EXIT: naive_prime (cycles this call: 14306498)
ENTER: naive_prime (call #24)
EXIT: naive_prime (cycles this call: 17181640)
ENTER: naive_prime (call #25)
EXIT: naive_prime (cycles this call: 12542)
ENTER: naive_prime (call #26)
EXIT: naive_prime (cycles this call: 10346)
ENTER: naive_prime (call #27)
EXIT: naive_prime (cycles this call: 8918)
ENTER: less_naive_prime (call #19)
EXIT: less_naive_prime (cycles this call: 94442)
ENTER: less_naive_prime (call #20)
EXIT: less_naive_prime (cycles this call: 33800)
ENTER: less_naive_prime (call #21)
EXIT: less_naive_prime (cycles this call: 315876)
ENTER: less_naive_prime (call #22)
EXIT: less_naive_prime (cycles this call: 51756)
ENTER: less_naive_prime (call #23)
EXIT: less_naive_prime (cycles this call: 49636)
ENTER: less_naive_prime (call #24)
EXIT: less_naive_prime (cycles this call: 52620)
ENTER: less_naive_prime (call #25)
EXIT: less_naive_prime (cycles this call: 9120)
ENTER: less_naive_prime (call #26)
EXIT: less_naive_prime (cycles this call: 10158)
ENTER: less_naive_prime (call #27)
EXIT: less_naive_prime (cycles this call: 9078)
ENTER: naive_prime_squares (call #19)
EXIT: naive_prime_squares (cycles this call: 121680)
ENTER: naive_prime_squares (call #20)
EXIT: naive_prime_squares (cycles this call: 152792)
ENTER: naive_prime_squares (call #21)
EXIT: naive_prime_squares (cycles this call: 1626722)
ENTER: naive_prime_squares (call #22)
EXIT: naive_prime_squares (cycles this call: 185370)
ENTER: naive_prime_squares (call #23)
EXIT: naive_prime_squares (cycles this call: 219364)
ENTER: naive_prime_squares (call #24)
EXIT: naive_prime_squares (cycles this call: 244544)
ENTER: naive_prime_squares (call #25)
EXIT: naive_prime_squares (cycles this call: 11748)
ENTER: naive_prime_squares (call #26)
EXIT: naive_prime_squares (cycles this call: 13460)
ENTER: naive_prime_squares (call #27)
EXIT: naive_prime_squares (cycles this call: 11134)

========== COMPREHENSIVE PROFILING RESULTS ==========
Function            Calls     Instructions   Mem Reads   Mem Writes  Branches  Total Cycles   Avg Cyc/Call   
-------------------------------------------------------------------------------------------------------------------
less_naive_prime    27        6333           27          0           1187      6921452        256350         
naive_prime         27        12796906       27          0           3199263   931289168      34492191       
naive_prime_squares 27        21343          27          0           4314      6571956        243405         

========== CSV DATA ==========
function,calls,instructions,mem_reads,mem_writes,branches,total_cycles,avg_cycles_per_call
less_naive_prime,27,6333,27,0,1187,6921452,256350
naive_prime,27,12796906,27,0,3199263,931289168,34492191
naive_prime_squares,27,21343,27,0,4314,6571956,243405
